Apr  1 06:45:10 pkrvm1ymeonnouv kernel: The list of certified hardware and cloud instances for Red Hat Enterprise Linux 9 can be viewed at the Red Hat Ecosystem Catalog, https://catalog.redhat.com.
Apr  1 06:45:10 pkrvm1ymeonnouv kernel: Command line: BOOT_IMAGE=(hd0,gpt2)/vmlinuz-5.14.0-427.13.1.el9_4.x86_64 root=/dev/mapper/rootvg-rootlv ro loglevel=3 crashkernel=1G-4G:192M,4G-64G:256M,64G-:512M console=tty1 console=ttyS0,115200n8 earlyprintk=ttyS0,115200 net.ifnames=0 nvme_core.io_timeout=240
Apr  1 06:45:10 pkrvm1ymeonnouv kernel: x86/fpu: Supporting XSAVE feature 0x001: 'x87 floating point registers'
Apr  1 06:45:10 pkrvm1ymeonnouv kernel: x86/fpu: Supporting XSAVE feature 0x002: 'SSE registers'
Apr  1 06:45:10 pkrvm1ymeonnouv kernel: x86/fpu: Supporting XSAVE feature 0x004: 'AVX registers'
Apr  1 06:45:10 pkrvm1ymeonnouv kernel: x86/fpu: Supporting XSAVE feature 0x020: 'AVX-512 opmask'
Apr  1 06:45:10 pkrvm1ymeonnouv kernel: x86/fpu: Supporting XSAVE feature 0x040: 'AVX-512 Hi256'
Apr  1 06:45:10 pkrvm1ymeonnouv kernel: x86/fpu: Supporting XSAVE feature 0x080: 'AVX-512 ZMM_Hi256'
Apr  1 06:45:10 pkrvm1ymeonnouv kernel: x86/fpu: xstate_offset[2]:  576, xstate_sizes[2]:  256
Apr  1 06:45:10 pkrvm1ymeonnouv kernel: x86/fpu: xstate_offset[5]:  832, xstate_sizes[5]:   64
Apr  1 06:45:10 pkrvm1ymeonnouv kernel: x86/fpu: xstate_offset[6]:  896, xstate_sizes[6]:  512
Apr  1 06:45:10 pkrvm1ymeonnouv kernel: x86/fpu: xstate_offset[7]: 1408, xstate_sizes[7]: 1024
Apr  1 06:45:10 pkrvm1ymeonnouv kernel: x86/fpu: Enabled xstate features 0xe7, context size is 2432 bytes, using 'compacted' format.
Apr  1 06:45:10 pkrvm1ymeonnouv kernel: signal: max sigframe size: 3632
Apr  1 06:45:10 pkrvm1ymeonnouv kernel: BIOS-provided physical RAM map:
Apr  1 06:45:10 pkrvm1ymeonnouv kernel: BIOS-e820: [mem 0x0000000000000000-0x000000000009fbff] usable
Apr  1 06:45:10 pkrvm1ymeonnouv kernel: BIOS-e820: [mem 0x000000000009fc00-0x000000000009ffff] reserved
Apr  1 06:45:10 pkrvm1ymeonnouv kernel: BIOS-e820: [mem 0x00000000000e0000-0x00000000000fffff] reserved
Apr  1 06:45:10 pkrvm1ymeonnouv kernel: BIOS-e820: [mem 0x0000000000100000-0x000000003ffeffff] usable
Apr  1 06:45:10 pkrvm1ymeonnouv kernel: BIOS-e820: [mem 0x000000003fff0000-0x000000003fffefff] ACPI data
Apr  1 06:45:10 pkrvm1ymeonnouv kernel: BIOS-e820: [mem 0x000000003ffff000-0x000000003fffffff] ACPI NVS
Apr  1 06:45:10 pkrvm1ymeonnouv kernel: BIOS-e820: [mem 0x0000000100000000-0x0000000fdfffffff] usable
Apr  1 06:45:10 pkrvm1ymeonnouv kernel: BIOS-e820: [mem 0x0000001000000000-0x00000020dfffffff] usable
Apr  1 06:45:10 pkrvm1ymeonnouv kernel: printk: bootconsole [earlyser0] enabled
Apr  1 06:45:10 pkrvm1ymeonnouv kernel: NX (Execute Disable) protection: active
Apr  1 06:45:10 pkrvm1ymeonnouv kernel: SMBIOS 2.3 present.
Apr  1 06:45:10 pkrvm1ymeonnouv kernel: DMI: Microsoft Corporation Virtual Machine/Virtual Machine, BIOS 090008  12/07/2018
Apr  1 06:45:10 pkrvm1ymeonnouv kernel: Hypervisor detected: Microsoft Hyper-V
Apr  1 06:45:10 pkrvm1ymeonnouv kernel: Hyper-V: privilege flags low 0x2e7f, high 0x388030, hints 0x64c2c, misc 0xed7b2
Apr  1 06:45:10 pkrvm1ymeonnouv kernel: Hyper-V: Host Build 10.0.20348.1827-1-0
Apr  1 06:45:10 pkrvm1ymeonnouv kernel: Hyper-V: Nested features: 0xe0101
Apr  1 06:45:10 pkrvm1ymeonnouv kernel: Hyper-V: LAPIC Timer Frequency: 0x30d40
Apr  1 06:45:10 pkrvm1ymeonnouv kernel: Hyper-V: Using hypercall for remote TLB flush
Apr  1 06:45:10 pkrvm1ymeonnouv kernel: clocksource: hyperv_clocksource_tsc_page: mask: 0xffffffffffffffff max_cycles: 0x24e6a1710, max_idle_ns: 440795202120 ns
Apr  1 06:45:10 pkrvm1ymeonnouv kernel: clocksource: hyperv_clocksource_msr: mask: 0xffffffffffffffff max_cycles: 0x24e6a1710, max_idle_ns: 440795202120 ns
Apr  1 06:45:10 pkrvm1ymeonnouv kernel: tsc: Marking TSC unstable due to running on Hyper-V
Apr  1 06:45:10 pkrvm1ymeonnouv kernel: tsc: Detected 2593.905 MHz processor
Apr  1 06:45:10 pkrvm1ymeonnouv kernel: last_pfn = 0x20e0000 max_arch_pfn = 0x400000000
Apr  1 06:45:10 pkrvm1ymeonnouv kernel: MTRR map: 5 entries (3 fixed + 2 variable; max 19), built from 8 variable MTRRs
Apr  1 06:45:10 pkrvm1ymeonnouv kernel: x86/PAT: Configuration [0-7]: WB  WC  UC- UC  WB  WP  UC- WT  
Apr  1 06:45:10 pkrvm1ymeonnouv kernel: last_pfn = 0x3fff0 max_arch_pfn = 0x400000000
Apr  1 06:45:10 pkrvm1ymeonnouv kernel: found SMP MP-table at [mem 0x000ff780-0x000ff78f]
Apr  1 06:45:10 pkrvm1ymeonnouv kernel: Using GB pages for direct mapping
Apr  1 06:45:10 pkrvm1ymeonnouv kernel: RAMDISK: [mem 0x33ce4000-0x35e69fff]
Apr  1 06:45:10 pkrvm1ymeonnouv kernel: ACPI: Early table checksum verification disabled
Apr  1 06:45:10 pkrvm1ymeonnouv kernel: ACPI: RSDP 0x00000000000F5C00 000014 (v00 ACPIAM)
Apr  1 06:45:10 pkrvm1ymeonnouv kernel: ACPI: RSDT 0x000000003FFF0000 000040 (v01 VRTUAL MICROSFT 12001807 MSFT 00000097)
Apr  1 06:45:10 pkrvm1ymeonnouv kernel: ACPI: FACP 0x000000003FFF0200 000081 (v02 VRTUAL MICROSFT 12001807 MSFT 00000097)
Apr  1 06:45:10 pkrvm1ymeonnouv kernel: ACPI: DSDT 0x000000003FFF1D24 003CD5 (v01 MSFTVM MSFTVM02 00000002 INTL 02002026)
Apr  1 06:45:10 pkrvm1ymeonnouv kernel: ACPI: FACS 0x000000003FFFF000 000040
Apr  1 06:45:10 pkrvm1ymeonnouv kernel: ACPI: WAET 0x000000003FFF1A80 000028 (v01 VRTUAL MICROSFT 12001807 MSFT 00000097)
Apr  1 06:45:10 pkrvm1ymeonnouv kernel: ACPI: SLIC 0x000000003FFF1AC0 000176 (v01 VRTUAL MICROSFT 12001807 MSFT 00000097)
Apr  1 06:45:10 pkrvm1ymeonnouv kernel: ACPI: OEM0 0x000000003FFF1CC0 000064 (v01 VRTUAL MICROSFT 12001807 MSFT 00000097)
Apr  1 06:45:10 pkrvm1ymeonnouv kernel: ACPI: SRAT 0x000000003FFF0800 000160 (v02 VRTUAL MICROSFT 00000001 MSFT 00000001)
Apr  1 06:45:10 pkrvm1ymeonnouv kernel: ACPI: APIC 0x000000003FFF0300 000072 (v01 VRTUAL MICROSFT 12001807 MSFT 00000097)
Apr  1 06:45:10 pkrvm1ymeonnouv kernel: ACPI: OEMB 0x000000003FFFF040 000064 (v01 VRTUAL MICROSFT 12001807 MSFT 00000097)
Apr  1 06:45:10 pkrvm1ymeonnouv kernel: ACPI: Reserving FACP table memory at [mem 0x3fff0200-0x3fff0280]
Apr  1 06:45:10 pkrvm1ymeonnouv kernel: ACPI: Reserving DSDT table memory at [mem 0x3fff1d24-0x3fff59f8]
Apr  1 06:45:10 pkrvm1ymeonnouv kernel: ACPI: Reserving FACS table memory at [mem 0x3ffff000-0x3ffff03f]
Apr  1 06:45:10 pkrvm1ymeonnouv kernel: ACPI: Reserving WAET table memory at [mem 0x3fff1a80-0x3fff1aa7]
Apr  1 06:45:10 pkrvm1ymeonnouv kernel: ACPI: Reserving SLIC table memory at [mem 0x3fff1ac0-0x3fff1c35]
Apr  1 06:45:10 pkrvm1ymeonnouv kernel: ACPI: Reserving OEM0 table memory at [mem 0x3fff1cc0-0x3fff1d23]
Apr  1 06:45:10 pkrvm1ymeonnouv kernel: ACPI: Reserving SRAT table memory at [mem 0x3fff0800-0x3fff095f]
Apr  1 06:45:10 pkrvm1ymeonnouv kernel: ACPI: Reserving APIC table memory at [mem 0x3fff0300-0x3fff0371]
Apr  1 06:45:10 pkrvm1ymeonnouv kernel: ACPI: Reserving OEMB table memory at [mem 0x3ffff040-0x3ffff0a3]
Apr  1 06:45:10 pkrvm1ymeonnouv kernel: SRAT: PXM 0 -> APIC 0x00 -> Node 0
Apr  1 06:45:10 pkrvm1ymeonnouv kernel: SRAT: PXM 0 -> APIC 0x01 -> Node 0
Apr  1 06:45:10 pkrvm1ymeonnouv kernel: SRAT: PXM 0 -> APIC 0x02 -> Node 0
Apr  1 06:45:10 pkrvm1ymeonnouv kernel: SRAT: PXM 0 -> APIC 0x03 -> Node 0
Apr  1 06:45:10 pkrvm1ymeonnouv kernel: ACPI: SRAT: Node 0 PXM 0 [mem 0x00000000-0x3fffffff] hotplug
Apr  1 06:45:10 pkrvm1ymeonnouv kernel: ACPI: SRAT: Node 0 PXM 0 [mem 0x100000000-0xfdfffffff] hotplug
Apr  1 06:45:10 pkrvm1ymeonnouv kernel: ACPI: SRAT: Node 0 PXM 0 [mem 0x1000000000-0x20dfffffff] hotplug
Apr  1 06:45:10 pkrvm1ymeonnouv kernel: ACPI: SRAT: Node 0 PXM 0 [mem 0x20e0200000-0xffffffffff] hotplug
Apr  1 06:45:10 pkrvm1ymeonnouv kernel: ACPI: SRAT: Node 0 PXM 0 [mem 0x10000200000-0x1ffffffffff] hotplug
Apr  1 06:45:10 pkrvm1ymeonnouv kernel: ACPI: SRAT: Node 0 PXM 0 [mem 0x20000200000-0x3ffffffffff] hotplug
Apr  1 06:45:10 pkrvm1ymeonnouv kernel: NUMA: Node 0 [mem 0x00000000-0x3fffffff] + [mem 0x100000000-0xfdfffffff] -> [mem 0x00000000-0xfdfffffff]
Apr  1 06:45:10 pkrvm1ymeonnouv kernel: NUMA: Node 0 [mem 0x00000000-0xfdfffffff] + [mem 0x1000000000-0x20dfffffff] -> [mem 0x00000000-0x20dfffffff]
Apr  1 06:45:10 pkrvm1ymeonnouv kernel: NODE_DATA(0) allocated [mem 0x20dffd4000-0x20dfffefff]
Apr  1 06:45:10 pkrvm1ymeonnouv kernel: Reserving 512MB of memory at 304MB for crashkernel (System RAM: 131071MB)
Apr  1 06:45:10 pkrvm1ymeonnouv kernel: Zone ranges:
Apr  1 06:45:10 pkrvm1ymeonnouv kernel:  DMA      [mem 0x0000000000001000-0x0000000000ffffff]
Apr  1 06:45:10 pkrvm1ymeonnouv kernel:  DMA32    [mem 0x0000000001000000-0x00000000ffffffff]
Apr  1 06:45:10 pkrvm1ymeonnouv kernel:  Normal   [mem 0x0000000100000000-0x00000020dfffffff]
Apr  1 06:45:10 pkrvm1ymeonnouv kernel:  Device   empty
Apr  1 06:45:10 pkrvm1ymeonnouv kernel: Movable zone start for each node
Apr  1 06:45:10 pkrvm1ymeonnouv kernel: Early memory node ranges
Apr  1 06:45:10 pkrvm1ymeonnouv kernel:  node   0: [mem 0x0000000000001000-0x000000000009efff]
Apr  1 06:45:10 pkrvm1ymeonnouv kernel:  node   0: [mem 0x0000000000100000-0x000000003ffeffff]
Apr  1 06:45:10 pkrvm1ymeonnouv kernel:  node   0: [mem 0x0000000100000000-0x0000000fdfffffff]
Apr  1 06:45:10 pkrvm1ymeonnouv kernel:  node   0: [mem 0x0000001000000000-0x00000020dfffffff]
Apr  1 06:45:10 pkrvm1ymeonnouv kernel: Initmem setup node 0 [mem 0x0000000000001000-0x00000020dfffffff]
Apr  1 06:45:10 pkrvm1ymeonnouv kernel: On node 0, zone DMA: 1 pages in unavailable ranges
Apr  1 06:45:10 pkrvm1ymeonnouv kernel: On node 0, zone DMA: 97 pages in unavailable ranges
Apr  1 06:45:10 pkrvm1ymeonnouv kernel: On node 0, zone Normal: 16 pages in unavailable ranges
Apr  1 06:45:10 pkrvm1ymeonnouv kernel: ACPI: PM-Timer IO Port: 0x408
Apr  1 06:45:10 pkrvm1ymeonnouv kernel: ACPI: LAPIC_NMI (acpi_id[0xff] dfl dfl lint[0x1])
Apr  1 06:45:10 pkrvm1ymeonnouv kernel: IOAPIC[0]: apic_id 0, version 17, address 0xfec00000, GSI 0-23
Apr  1 06:45:10 pkrvm1ymeonnouv kernel: ACPI: INT_SRC_OVR (bus 0 bus_irq 0 global_irq 2 dfl dfl)
Apr  1 06:45:10 pkrvm1ymeonnouv kernel: ACPI: INT_SRC_OVR (bus 0 bus_irq 9 global_irq 9 high level)
Apr  1 06:45:10 pkrvm1ymeonnouv kernel: ACPI: Using ACPI (MADT) for SMP configuration information
Apr  1 06:45:10 pkrvm1ymeonnouv kernel: smpboot: Allowing 4 CPUs, 0 hotplug CPUs
Apr  1 06:45:10 pkrvm1ymeonnouv kernel: PM: hibernation: Registered nosave memory: [mem 0x00000000-0x00000fff]
Apr  1 06:45:10 pkrvm1ymeonnouv kernel: PM: hibernation: Registered nosave memory: [mem 0x0009f000-0x0009ffff]
Apr  1 06:45:10 pkrvm1ymeonnouv kernel: PM: hibernation: Registered nosave memory: [mem 0x000a0000-0x000dffff]
Apr  1 06:45:10 pkrvm1ymeonnouv kernel: PM: hibernation: Registered nosave memory: [mem 0x000e0000-0x000fffff]
Apr  1 06:45:10 pkrvm1ymeonnouv kernel: PM: hibernation: Registered nosave memory: [mem 0x3fff0000-0x3fffefff]
Apr  1 06:45:10 pkrvm1ymeonnouv kernel: PM: hibernation: Registered nosave memory: [mem 0x3ffff000-0x3fffffff]
Apr  1 06:45:10 pkrvm1ymeonnouv kernel: PM: hibernation: Registered nosave memory: [mem 0x40000000-0xffffffff]
Apr  1 06:45:10 pkrvm1ymeonnouv kernel: PM: hibernation: Registered nosave memory: [mem 0xfe0000000-0xfffffffff]
Apr  1 06:45:10 pkrvm1ymeonnouv kernel: [mem 0x40000000-0xffffffff] available for PCI devices
Apr  1 06:45:10 pkrvm1ymeonnouv kernel: Booting paravirtualized kernel on Hyper-V
Apr  1 06:45:10 pkrvm1ymeonnouv kernel: clocksource: refined-jiffies: mask: 0xffffffff max_cycles: 0xffffffff, max_idle_ns: 1910969940391419 ns
Apr  1 06:45:10 pkrvm1ymeonnouv kernel: setup_percpu: NR_CPUS:8192 nr_cpumask_bits:4 nr_cpu_ids:4 nr_node_ids:1
Apr  1 06:45:10 pkrvm1ymeonnouv kernel: percpu: Embedded 63 pages/cpu s221184 r8192 d28672 u524288
Apr  1 06:45:10 pkrvm1ymeonnouv kernel: Hyper-V: PV spinlocks enabled
Apr  1 06:45:10 pkrvm1ymeonnouv kernel: PV qspinlock hash table entries: 256 (order: 0, 4096 bytes, linear)
Apr  1 06:45:10 pkrvm1ymeonnouv kernel: Fallback order for Node 0: 0 
Apr  1 06:45:10 pkrvm1ymeonnouv kernel: Built 1 zonelists, mobility grouping on.  Total pages: 33027824
Apr  1 06:45:10 pkrvm1ymeonnouv kernel: Policy zone: Normal
Apr  1 06:45:10 pkrvm1ymeonnouv kernel: Kernel command line: BOOT_IMAGE=(hd0,gpt2)/vmlinuz-5.14.0-427.13.1.el9_4.x86_64 root=/dev/mapper/rootvg-rootlv ro loglevel=3 crashkernel=1G-4G:192M,4G-64G:256M,64G-:512M console=tty1 console=ttyS0,115200n8 earlyprintk=ttyS0,115200 net.ifnames=0 nvme_core.io_timeout=240
Apr  1 06:45:10 pkrvm1ymeonnouv kernel: Unknown kernel command line parameters "BOOT_IMAGE=(hd0,gpt2)/vmlinuz-5.14.0-427.13.1.el9_4.x86_64", will be passed to user space.
Apr  1 06:45:10 pkrvm1ymeonnouv kernel: random: crng init done
Apr  1 06:45:10 pkrvm1ymeonnouv kernel: Dentry cache hash table entries: 8388608 (order: 14, 67108864 bytes, linear)
Apr  1 06:45:10 pkrvm1ymeonnouv kernel: Inode-cache hash table entries: 4194304 (order: 13, 33554432 bytes, linear)
Apr  1 06:45:10 pkrvm1ymeonnouv kernel: mem auto-init: stack:off, heap alloc:off, heap free:off
Apr  1 06:45:10 pkrvm1ymeonnouv kernel: software IO TLB: area num 4.
Apr  1 06:45:10 pkrvm1ymeonnouv kernel: Memory: 554148K/134217272K available (16384K kernel code, 5626K rwdata, 11748K rodata, 3892K init, 5956K bss, 2873656K reserved, 0K cma-reserved)
Apr  1 06:45:10 pkrvm1ymeonnouv kernel: SLUB: HWalign=64, Order=0-3, MinObjects=0, CPUs=4, Nodes=1
Apr  1 06:45:10 pkrvm1ymeonnouv kernel: Kernel/User page tables isolation: enabled
Apr  1 06:45:10 pkrvm1ymeonnouv kernel: ftrace: allocating 46862 entries in 184 pages
Apr  1 06:45:10 pkrvm1ymeonnouv kernel: ftrace: allocated 184 pages with 4 groups
Apr  1 06:45:10 pkrvm1ymeonnouv kernel: Dynamic Preempt: voluntary
Apr  1 06:45:10 pkrvm1ymeonnouv kernel: rcu: Preemptible hierarchical RCU implementation.
Apr  1 06:45:10 pkrvm1ymeonnouv kernel: rcu: #011RCU restricting CPUs from NR_CPUS=8192 to nr_cpu_ids=4.
Apr  1 06:45:10 pkrvm1ymeonnouv kernel: #011Trampoline variant of Tasks RCU enabled.
Apr  1 06:45:10 pkrvm1ymeonnouv kernel: #011Rude variant of Tasks RCU enabled.
Apr  1 06:45:10 pkrvm1ymeonnouv kernel: #011Tracing variant of Tasks RCU enabled.
Apr  1 06:45:10 pkrvm1ymeonnouv kernel: rcu: RCU calculated value of scheduler-enlistment delay is 100 jiffies.
Apr  1 06:45:10 pkrvm1ymeonnouv kernel: rcu: Adjusting geometry for rcu_fanout_leaf=16, nr_cpu_ids=4
Apr  1 06:45:10 pkrvm1ymeonnouv kernel: NR_IRQS: 524544, nr_irqs: 456, preallocated irqs: 16
Apr  1 06:45:10 pkrvm1ymeonnouv kernel: rcu: srcu_init: Setting srcu_struct sizes based on contention.
Apr  1 06:45:10 pkrvm1ymeonnouv kernel: kfence: initialized - using 2097152 bytes for 255 objects at 0x(____ptrval____)-0x(____ptrval____)
Apr  1 06:45:10 pkrvm1ymeonnouv kernel: Console: colour VGA+ 80x25
Apr  1 06:45:10 pkrvm1ymeonnouv kernel: printk: console [tty1] enabled
Apr  1 06:45:10 pkrvm1ymeonnouv kernel: printk: console [ttyS0] enabled
Apr  1 06:45:10 pkrvm1ymeonnouv kernel: printk: bootconsole [earlyser0] disabled
Apr  1 06:45:10 pkrvm1ymeonnouv kernel: ACPI: Core revision 20221020
Apr  1 06:45:10 pkrvm1ymeonnouv kernel: APIC: Switch to symmetric I/O mode setup
Apr  1 06:45:10 pkrvm1ymeonnouv kernel: Hyper-V: enabling crash_kexec_post_notifiers
Apr  1 06:45:10 pkrvm1ymeonnouv kernel: Hyper-V: Using IPI hypercalls
Apr  1 06:45:10 pkrvm1ymeonnouv kernel: Hyper-V: Using enlightened APIC (xapic mode)
Apr  1 06:45:10 pkrvm1ymeonnouv kernel: ..TIMER: vector=0x30 apic1=0 pin1=2 apic2=-1 pin2=-1
Apr  1 06:45:10 pkrvm1ymeonnouv kernel: Calibrating delay loop (skipped), value calculated using timer frequency.. 5187.81 BogoMIPS (lpj=2593905)
Apr  1 06:45:10 pkrvm1ymeonnouv kernel: pid_max: default: 32768 minimum: 301
Apr  1 06:45:10 pkrvm1ymeonnouv kernel: LSM: initializing lsm=lockdown,capability,yama,integrity,selinux,bpf
Apr  1 06:45:10 pkrvm1ymeonnouv kernel: Yama: becoming mindful.
Apr  1 06:45:10 pkrvm1ymeonnouv kernel: SELinux:  Initializing.
Apr  1 06:45:10 pkrvm1ymeonnouv kernel: LSM support for eBPF active
Apr  1 06:45:10 pkrvm1ymeonnouv kernel: Mount-cache hash table entries: 131072 (order: 8, 1048576 bytes, linear)
Apr  1 06:45:10 pkrvm1ymeonnouv kernel: Mountpoint-cache hash table entries: 131072 (order: 8, 1048576 bytes, linear)
Apr  1 06:45:10 pkrvm1ymeonnouv kernel: Last level iTLB entries: 4KB 64, 2MB 8, 4MB 8
Apr  1 06:45:10 pkrvm1ymeonnouv kernel: Last level dTLB entries: 4KB 64, 2MB 0, 4MB 0, 1GB 4
Apr  1 06:45:10 pkrvm1ymeonnouv kernel: Spectre V1 : Mitigation: usercopy/swapgs barriers and __user pointer sanitization
Apr  1 06:45:10 pkrvm1ymeonnouv kernel: Spectre V2 : Mitigation: Retpolines
Apr  1 06:45:10 pkrvm1ymeonnouv kernel: Spectre V2 : Spectre v2 / SpectreRSB mitigation: Filling RSB on context switch
Apr  1 06:45:10 pkrvm1ymeonnouv kernel: Spectre V2 : Spectre v2 / SpectreRSB : Filling RSB on VMEXIT
Apr  1 06:45:10 pkrvm1ymeonnouv kernel: RETBleed: WARNING: Spectre v2 mitigation leaves CPU vulnerable to RETBleed attacks, data leaks possible!
Apr  1 06:45:10 pkrvm1ymeonnouv kernel: RETBleed: Vulnerable
Apr  1 06:45:10 pkrvm1ymeonnouv kernel: Speculative Store Bypass: Vulnerable
Apr  1 06:45:10 pkrvm1ymeonnouv kernel: MDS: Mitigation: Clear CPU buffers
Apr  1 06:45:10 pkrvm1ymeonnouv kernel: TAA: Mitigation: Clear CPU buffers
Apr  1 06:45:10 pkrvm1ymeonnouv kernel: MMIO Stale Data: Vulnerable: Clear CPU buffers attempted, no microcode
Apr  1 06:45:10 pkrvm1ymeonnouv kernel: GDS: Unknown: Dependent on hypervisor status
Apr  1 06:45:10 pkrvm1ymeonnouv kernel: Freeing SMP alternatives memory: 36K
Apr  1 06:45:10 pkrvm1ymeonnouv kernel: smpboot: CPU0: Intel(R) Xeon(R) Platinum 8272CL CPU @ 2.60GHz (family: 0x6, model: 0x55, stepping: 0x7)
Apr  1 06:45:10 pkrvm1ymeonnouv kernel: cblist_init_generic: Setting adjustable number of callback queues.
Apr  1 06:45:10 pkrvm1ymeonnouv kernel: cblist_init_generic: Setting shift to 2 and lim to 1.
Apr  1 06:45:10 pkrvm1ymeonnouv kernel: cblist_init_generic: Setting shift to 2 and lim to 1.
Apr  1 06:45:10 pkrvm1ymeonnouv kernel: cblist_init_generic: Setting shift to 2 and lim to 1.
Apr  1 06:45:10 pkrvm1ymeonnouv kernel: Performance Events: unsupported p6 CPU model 85 no PMU driver, software events only.
Apr  1 06:45:10 pkrvm1ymeonnouv kernel: printk: console [ttyS0] printing thread started
Apr  1 06:45:10 pkrvm1ymeonnouv kernel: rcu: Hierarchical SRCU implementation.
Apr  1 06:45:10 pkrvm1ymeonnouv kernel: rcu: #011Max phase no-delay instances is 400.
Apr  1 06:45:10 pkrvm1ymeonnouv kernel: printk: console [tty1] printing thread started
Apr  1 06:45:10 pkrvm1ymeonnouv kernel: NMI watchdog: Perf NMI watchdog permanently disabled
Apr  1 06:45:10 pkrvm1ymeonnouv kernel: smp: Bringing up secondary CPUs ...
Apr  1 06:45:10 pkrvm1ymeonnouv kernel: x86: Booting SMP configuration:
Apr  1 06:45:10 pkrvm1ymeonnouv kernel: .... node  #0, CPUs:      #1
Apr  1 06:45:10 pkrvm1ymeonnouv kernel: MDS CPU bug present and SMT on, data leak possible. See https://www.kernel.org/doc/html/latest/admin-guide/hw-vuln/mds.html for more details.
Apr  1 06:45:10 pkrvm1ymeonnouv kernel: TAA CPU bug present and SMT on, data leak possible. See https://www.kernel.org/doc/html/latest/admin-guide/hw-vuln/tsx_async_abort.html for more details.
Apr  1 06:45:10 pkrvm1ymeonnouv kernel: MMIO Stale Data CPU bug present and SMT on, data leak possible. See https://www.kernel.org/doc/html/latest/admin-guide/hw-vuln/processor_mmio_stale_data.html for more details.
Apr  1 06:45:10 pkrvm1ymeonnouv kernel: #2 #3
Apr  1 06:45:10 pkrvm1ymeonnouv kernel: smp: Brought up 1 node, 4 CPUs
Apr  1 06:45:10 pkrvm1ymeonnouv kernel: smpboot: Max logical packages: 1
Apr  1 06:45:10 pkrvm1ymeonnouv kernel: smpboot: Total of 4 processors activated (20751.24 BogoMIPS)
Apr  1 06:45:10 pkrvm1ymeonnouv kernel: node 0 deferred pages initialised in 227ms
Apr  1 06:45:10 pkrvm1ymeonnouv kernel: devtmpfs: initialized
Apr  1 06:45:10 pkrvm1ymeonnouv kernel: x86/mm: Memory block size: 512MB
Apr  1 06:45:10 pkrvm1ymeonnouv kernel: ACPI: PM: Registering ACPI NVS region [mem 0x3ffff000-0x3fffffff] (4096 bytes)
Apr  1 06:45:10 pkrvm1ymeonnouv kernel: clocksource: jiffies: mask: 0xffffffff max_cycles: 0xffffffff, max_idle_ns: 1911260446275000 ns
Apr  1 06:45:10 pkrvm1ymeonnouv kernel: futex hash table entries: 1024 (order: 4, 65536 bytes, linear)
Apr  1 06:45:10 pkrvm1ymeonnouv kernel: pinctrl core: initialized pinctrl subsystem
Apr  1 06:45:10 pkrvm1ymeonnouv kernel: NET: Registered PF_NETLINK/PF_ROUTE protocol family
Apr  1 06:45:10 pkrvm1ymeonnouv kernel: DMA: preallocated 4096 KiB GFP_KERNEL pool for atomic allocations
Apr  1 06:45:10 pkrvm1ymeonnouv kernel: DMA: preallocated 4096 KiB GFP_KERNEL|GFP_DMA pool for atomic allocations
Apr  1 06:45:10 pkrvm1ymeonnouv kernel: DMA: preallocated 4096 KiB GFP_KERNEL|GFP_DMA32 pool for atomic allocations
Apr  1 06:45:10 pkrvm1ymeonnouv kernel: audit: initializing netlink subsys (disabled)
Apr  1 06:45:10 pkrvm1ymeonnouv kernel: audit: type=2000 audit(1743489908.257:1): state=initialized audit_enabled=0 res=1
Apr  1 06:45:10 pkrvm1ymeonnouv kernel: thermal_sys: Registered thermal governor 'fair_share'
Apr  1 06:45:10 pkrvm1ymeonnouv kernel: thermal_sys: Registered thermal governor 'step_wise'
Apr  1 06:45:10 pkrvm1ymeonnouv kernel: thermal_sys: Registered thermal governor 'user_space'
Apr  1 06:45:10 pkrvm1ymeonnouv kernel: cpuidle: using governor menu
Apr  1 06:45:10 pkrvm1ymeonnouv kernel: acpiphp: ACPI Hot Plug PCI Controller Driver version: 0.5
Apr  1 06:45:10 pkrvm1ymeonnouv kernel: PCI: Using configuration type 1 for base access
Apr  1 06:45:10 pkrvm1ymeonnouv kernel: kprobes: kprobe jump-optimization is enabled. All kprobes are optimized if possible.
Apr  1 06:45:10 pkrvm1ymeonnouv kernel: HugeTLB: registered 1.00 GiB page size, pre-allocated 0 pages
Apr  1 06:45:10 pkrvm1ymeonnouv kernel: HugeTLB: 16380 KiB vmemmap can be freed for a 1.00 GiB page
Apr  1 06:45:10 pkrvm1ymeonnouv kernel: HugeTLB: registered 2.00 MiB page size, pre-allocated 0 pages
Apr  1 06:45:10 pkrvm1ymeonnouv kernel: HugeTLB: 28 KiB vmemmap can be freed for a 2.00 MiB page
Apr  1 06:45:10 pkrvm1ymeonnouv kernel: cryptd: max_cpu_qlen set to 1000
Apr  1 06:45:10 pkrvm1ymeonnouv kernel: ACPI: Added _OSI(Module Device)
Apr  1 06:45:10 pkrvm1ymeonnouv kernel: ACPI: Added _OSI(Processor Device)
Apr  1 06:45:10 pkrvm1ymeonnouv kernel: ACPI: Added _OSI(3.0 _SCP Extensions)
Apr  1 06:45:10 pkrvm1ymeonnouv kernel: ACPI: Added _OSI(Processor Aggregator Device)
Apr  1 06:45:10 pkrvm1ymeonnouv kernel: ACPI: Added _OSI(Linux-Dell-Video)
Apr  1 06:45:10 pkrvm1ymeonnouv kernel: ACPI: Added _OSI(Linux-Lenovo-NV-HDMI-Audio)
Apr  1 06:45:10 pkrvm1ymeonnouv kernel: ACPI: Added _OSI(Linux-HPI-Hybrid-Graphics)
Apr  1 06:45:10 pkrvm1ymeonnouv kernel: ACPI: 1 ACPI AML tables successfully acquired and loaded
Apr  1 06:45:10 pkrvm1ymeonnouv kernel: ACPI: Interpreter enabled
Apr  1 06:45:10 pkrvm1ymeonnouv kernel: ACPI: PM: (supports S0 S5)
Apr  1 06:45:10 pkrvm1ymeonnouv kernel: ACPI: Using IOAPIC for interrupt routing
Apr  1 06:45:10 pkrvm1ymeonnouv kernel: PCI: Using host bridge windows from ACPI; if necessary, use "pci=nocrs" and report a bug
Apr  1 06:45:10 pkrvm1ymeonnouv kernel: PCI: Using E820 reservations for host bridge windows
Apr  1 06:45:10 pkrvm1ymeonnouv kernel: ACPI: Enabled 1 GPEs in block 00 to 0F
Apr  1 06:45:10 pkrvm1ymeonnouv kernel: ACPI: PCI Root Bridge [PCI0] (domain 0000 [bus 00-ff])
Apr  1 06:45:10 pkrvm1ymeonnouv kernel: acpi PNP0A03:00: _OSC: OS supports [ASPM ClockPM Segments MSI EDR HPX-Type3]
Apr  1 06:45:10 pkrvm1ymeonnouv kernel: acpi PNP0A03:00: _OSC: not requesting OS control; OS requires [ExtendedConfig ASPM ClockPM MSI]
Apr  1 06:45:10 pkrvm1ymeonnouv kernel: acpi PNP0A03:00: fail to add MMCONFIG information, can't access extended configuration space under this bridge
Apr  1 06:45:10 pkrvm1ymeonnouv kernel: PCI host bridge to bus 0000:00
Apr  1 06:45:10 pkrvm1ymeonnouv kernel: pci_bus 0000:00: root bus resource [mem 0xfe0000000-0xfffffffff window]
Apr  1 06:45:10 pkrvm1ymeonnouv kernel: pci_bus 0000:00: root bus resource [io  0x0000-0x0cf7 window]
Apr  1 06:45:10 pkrvm1ymeonnouv kernel: pci_bus 0000:00: root bus resource [io  0x0d00-0xffff window]
Apr  1 06:45:10 pkrvm1ymeonnouv kernel: pci_bus 0000:00: root bus resource [mem 0x000a0000-0x000bffff window]
Apr  1 06:45:10 pkrvm1ymeonnouv kernel: pci_bus 0000:00: root bus resource [mem 0x40000000-0xfffbffff window]
Apr  1 06:45:10 pkrvm1ymeonnouv kernel: pci_bus 0000:00: root bus resource [bus 00-ff]
Apr  1 06:45:10 pkrvm1ymeonnouv kernel: pci 0000:00:00.0: [8086:7192] type 00 class 0x060000
Apr  1 06:45:10 pkrvm1ymeonnouv kernel: pci 0000:00:07.0: [8086:7110] type 00 class 0x060100
Apr  1 06:45:10 pkrvm1ymeonnouv kernel: pci 0000:00:07.1: [8086:7111] type 00 class 0x010180
Apr  1 06:45:10 pkrvm1ymeonnouv kernel: pci 0000:00:07.1: reg 0x20: [io  0xffa0-0xffaf]
Apr  1 06:45:10 pkrvm1ymeonnouv kernel: pci 0000:00:07.1: legacy IDE quirk: reg 0x10: [io  0x01f0-0x01f7]
Apr  1 06:45:10 pkrvm1ymeonnouv kernel: pci 0000:00:07.1: legacy IDE quirk: reg 0x14: [io  0x03f6]
Apr  1 06:45:10 pkrvm1ymeonnouv kernel: pci 0000:00:07.1: legacy IDE quirk: reg 0x18: [io  0x0170-0x0177]
Apr  1 06:45:10 pkrvm1ymeonnouv kernel: pci 0000:00:07.1: legacy IDE quirk: reg 0x1c: [io  0x0376]
Apr  1 06:45:10 pkrvm1ymeonnouv kernel: * Found PM-Timer Bug on the chipset. Due to workarounds for a bug,#012* this clock source is slow. Consider trying other clock sources
Apr  1 06:45:10 pkrvm1ymeonnouv kernel: pci 0000:00:07.3: [8086:7113] type 00 class 0x068000
Apr  1 06:45:10 pkrvm1ymeonnouv kernel: pci 0000:00:07.3: quirk: [io  0x0400-0x043f] claimed by PIIX4 ACPI
Apr  1 06:45:10 pkrvm1ymeonnouv kernel: pci 0000:00:08.0: [1414:5353] type 00 class 0x030000
Apr  1 06:45:10 pkrvm1ymeonnouv kernel: pci 0000:00:08.0: reg 0x10: [mem 0xf8000000-0xfbffffff]
Apr  1 06:45:10 pkrvm1ymeonnouv kernel: pci 0000:00:08.0: Video device with shadowed ROM at [mem 0x000c0000-0x000dffff]
Apr  1 06:45:10 pkrvm1ymeonnouv kernel: ACPI: PCI: Interrupt link LNKA configured for IRQ 11
Apr  1 06:45:10 pkrvm1ymeonnouv kernel: ACPI: PCI: Interrupt link LNKB configured for IRQ 0
Apr  1 06:45:10 pkrvm1ymeonnouv kernel: ACPI: PCI: Interrupt link LNKB disabled
Apr  1 06:45:10 pkrvm1ymeonnouv kernel: ACPI: PCI: Interrupt link LNKC configured for IRQ 0
Apr  1 06:45:10 pkrvm1ymeonnouv kernel: ACPI: PCI: Interrupt link LNKC disabled
Apr  1 06:45:10 pkrvm1ymeonnouv kernel: ACPI: PCI: Interrupt link LNKD configured for IRQ 0
Apr  1 06:45:10 pkrvm1ymeonnouv kernel: ACPI: PCI: Interrupt link LNKD disabled
Apr  1 06:45:10 pkrvm1ymeonnouv kernel: iommu: Default domain type: Translated
Apr  1 06:45:10 pkrvm1ymeonnouv kernel: iommu: DMA domain TLB invalidation policy: lazy mode
Apr  1 06:45:10 pkrvm1ymeonnouv kernel: SCSI subsystem initialized
Apr  1 06:45:10 pkrvm1ymeonnouv kernel: ACPI: bus type USB registered
Apr  1 06:45:10 pkrvm1ymeonnouv kernel: usbcore: registered new interface driver usbfs
Apr  1 06:45:10 pkrvm1ymeonnouv kernel: usbcore: registered new interface driver hub
Apr  1 06:45:10 pkrvm1ymeonnouv kernel: usbcore: registered new device driver usb
Apr  1 06:45:10 pkrvm1ymeonnouv kernel: pps_core: LinuxPPS API ver. 1 registered
Apr  1 06:45:10 pkrvm1ymeonnouv kernel: pps_core: Software ver. 5.3.6 - Copyright 2005-2007 Rodolfo Giometti <giometti@linux.it>
Apr  1 06:45:10 pkrvm1ymeonnouv kernel: PTP clock support registered
Apr  1 06:45:10 pkrvm1ymeonnouv kernel: EDAC MC: Ver: 3.0.0
Apr  1 06:45:10 pkrvm1ymeonnouv kernel: NetLabel: Initializing
Apr  1 06:45:10 pkrvm1ymeonnouv kernel: NetLabel:  domain hash size = 128
Apr  1 06:45:10 pkrvm1ymeonnouv kernel: NetLabel:  protocols = UNLABELED CIPSOv4 CALIPSO
Apr  1 06:45:10 pkrvm1ymeonnouv kernel: NetLabel:  unlabeled traffic allowed by default
Apr  1 06:45:10 pkrvm1ymeonnouv kernel: PCI: Using ACPI for IRQ routing
Apr  1 06:45:10 pkrvm1ymeonnouv kernel: pci 0000:00:08.0: vgaarb: setting as boot VGA device
Apr  1 06:45:10 pkrvm1ymeonnouv kernel: pci 0000:00:08.0: vgaarb: bridge control possible
Apr  1 06:45:10 pkrvm1ymeonnouv kernel: pci 0000:00:08.0: vgaarb: VGA device added: decodes=io+mem,owns=io+mem,locks=none
Apr  1 06:45:10 pkrvm1ymeonnouv kernel: vgaarb: loaded
Apr  1 06:45:10 pkrvm1ymeonnouv kernel: clocksource: Switched to clocksource hyperv_clocksource_tsc_page
Apr  1 06:45:10 pkrvm1ymeonnouv kernel: VFS: Disk quotas dquot_6.6.0
Apr  1 06:45:10 pkrvm1ymeonnouv kernel: VFS: Dquot-cache hash table entries: 512 (order 0, 4096 bytes)
Apr  1 06:45:10 pkrvm1ymeonnouv kernel: pnp: PnP ACPI init
Apr  1 06:45:10 pkrvm1ymeonnouv kernel: system 00:06: [io  0x01e0-0x01ef] has been reserved
Apr  1 06:45:10 pkrvm1ymeonnouv kernel: system 00:06: [io  0x0160-0x016f] has been reserved
Apr  1 06:45:10 pkrvm1ymeonnouv kernel: system 00:06: [io  0x0278-0x027f] has been reserved
Apr  1 06:45:10 pkrvm1ymeonnouv kernel: system 00:06: [io  0x0378-0x037f] has been reserved
Apr  1 06:45:10 pkrvm1ymeonnouv kernel: system 00:06: [io  0x0678-0x067f] has been reserved
Apr  1 06:45:10 pkrvm1ymeonnouv kernel: system 00:06: [io  0x0778-0x077f] has been reserved
Apr  1 06:45:10 pkrvm1ymeonnouv kernel: system 00:06: [io  0x04d0-0x04d1] has been reserved
Apr  1 06:45:10 pkrvm1ymeonnouv kernel: system 00:07: [io  0x0400-0x043f] has been reserved
Apr  1 06:45:10 pkrvm1ymeonnouv kernel: system 00:07: [io  0x0370-0x0371] has been reserved
Apr  1 06:45:10 pkrvm1ymeonnouv kernel: system 00:07: [io  0x0440-0x044f] has been reserved
Apr  1 06:45:10 pkrvm1ymeonnouv kernel: system 00:07: [mem 0xfec00000-0xfec00fff] could not be reserved
Apr  1 06:45:10 pkrvm1ymeonnouv kernel: system 00:07: [mem 0xfee00000-0xfee00fff] has been reserved
Apr  1 06:45:10 pkrvm1ymeonnouv kernel: system 00:08: [mem 0x00000000-0x0009ffff] could not be reserved
Apr  1 06:45:10 pkrvm1ymeonnouv kernel: system 00:08: [mem 0x000c0000-0x000dffff] could not be reserved
Apr  1 06:45:10 pkrvm1ymeonnouv kernel: system 00:08: [mem 0x000e0000-0x000fffff] could not be reserved
Apr  1 06:45:10 pkrvm1ymeonnouv kernel: system 00:08: [mem 0x00100000-0x3fffffff] could not be reserved
Apr  1 06:45:10 pkrvm1ymeonnouv kernel: system 00:08: [mem 0xfffc0000-0xffffffff] has been reserved
Apr  1 06:45:10 pkrvm1ymeonnouv kernel: pnp: PnP ACPI: found 9 devices
Apr  1 06:45:10 pkrvm1ymeonnouv kernel: clocksource: acpi_pm: mask: 0xffffff max_cycles: 0xffffff, max_idle_ns: 2085701024 ns
Apr  1 06:45:10 pkrvm1ymeonnouv kernel: NET: Registered PF_INET protocol family
Apr  1 06:45:10 pkrvm1ymeonnouv kernel: IP idents hash table entries: 262144 (order: 9, 2097152 bytes, linear)
Apr  1 06:45:10 pkrvm1ymeonnouv kernel: tcp_listen_portaddr_hash hash table entries: 65536 (order: 8, 1048576 bytes, linear)
Apr  1 06:45:10 pkrvm1ymeonnouv kernel: Table-perturb hash table entries: 65536 (order: 6, 262144 bytes, linear)
Apr  1 06:45:10 pkrvm1ymeonnouv kernel: TCP established hash table entries: 524288 (order: 10, 4194304 bytes, linear)
Apr  1 06:45:10 pkrvm1ymeonnouv kernel: TCP bind hash table entries: 65536 (order: 8, 1048576 bytes, linear)
Apr  1 06:45:10 pkrvm1ymeonnouv kernel: TCP: Hash tables configured (established 524288 bind 65536)
Apr  1 06:45:10 pkrvm1ymeonnouv kernel: MPTCP token hash table entries: 65536 (order: 8, 1572864 bytes, linear)
Apr  1 06:45:10 pkrvm1ymeonnouv kernel: UDP hash table entries: 65536 (order: 9, 2097152 bytes, linear)
Apr  1 06:45:10 pkrvm1ymeonnouv kernel: UDP-Lite hash table entries: 65536 (order: 9, 2097152 bytes, linear)
Apr  1 06:45:10 pkrvm1ymeonnouv kernel: NET: Registered PF_UNIX/PF_LOCAL protocol family
Apr  1 06:45:10 pkrvm1ymeonnouv kernel: NET: Registered PF_XDP protocol family
Apr  1 06:45:10 pkrvm1ymeonnouv kernel: pci_bus 0000:00: resource 4 [mem 0xfe0000000-0xfffffffff window]
Apr  1 06:45:10 pkrvm1ymeonnouv kernel: pci_bus 0000:00: resource 5 [io  0x0000-0x0cf7 window]
Apr  1 06:45:10 pkrvm1ymeonnouv kernel: pci_bus 0000:00: resource 6 [io  0x0d00-0xffff window]
Apr  1 06:45:10 pkrvm1ymeonnouv kernel: pci_bus 0000:00: resource 7 [mem 0x000a0000-0x000bffff window]
Apr  1 06:45:10 pkrvm1ymeonnouv kernel: pci_bus 0000:00: resource 8 [mem 0x40000000-0xfffbffff window]
Apr  1 06:45:10 pkrvm1ymeonnouv kernel: pci 0000:00:00.0: Limiting direct PCI/PCI transfers
Apr  1 06:45:10 pkrvm1ymeonnouv kernel: PCI: CLS 0 bytes, default 64
Apr  1 06:45:10 pkrvm1ymeonnouv kernel: PCI-DMA: Using software bounce buffering for IO (SWIOTLB)
Apr  1 06:45:10 pkrvm1ymeonnouv kernel: software IO TLB: mapped [mem 0x000000003bff0000-0x000000003fff0000] (64MB)
Apr  1 06:45:10 pkrvm1ymeonnouv kernel: ACPI: bus type thunderbolt registered
Apr  1 06:45:10 pkrvm1ymeonnouv kernel: Trying to unpack rootfs image as initramfs...
Apr  1 06:45:10 pkrvm1ymeonnouv kernel: Initialise system trusted keyrings
Apr  1 06:45:10 pkrvm1ymeonnouv kernel: Key type blacklist registered
Apr  1 06:45:10 pkrvm1ymeonnouv kernel: workingset: timestamp_bits=36 max_order=25 bucket_order=0
Apr  1 06:45:10 pkrvm1ymeonnouv kernel: zbud: loaded
Apr  1 06:45:10 pkrvm1ymeonnouv kernel: integrity: Platform Keyring initialized
Apr  1 06:45:10 pkrvm1ymeonnouv kernel: integrity: Machine keyring initialized
Apr  1 06:45:10 pkrvm1ymeonnouv kernel: NET: Registered PF_ALG protocol family
Apr  1 06:45:10 pkrvm1ymeonnouv kernel: xor: automatically using best checksumming function   avx       
Apr  1 06:45:10 pkrvm1ymeonnouv kernel: Key type asymmetric registered
Apr  1 06:45:10 pkrvm1ymeonnouv kernel: Asymmetric key parser 'x509' registered
Apr  1 06:45:10 pkrvm1ymeonnouv kernel: Running certificate verification selftests
Apr  1 06:45:10 pkrvm1ymeonnouv kernel: Loaded X.509 cert 'Certificate verification self-testing key: f58703bb33ce1b73ee02eccdee5b8817518fe3db'
Apr  1 06:45:10 pkrvm1ymeonnouv kernel: Block layer SCSI generic (bsg) driver version 0.4 loaded (major 246)
Apr  1 06:45:10 pkrvm1ymeonnouv kernel: io scheduler mq-deadline registered
Apr  1 06:45:10 pkrvm1ymeonnouv kernel: io scheduler kyber registered
Apr  1 06:45:10 pkrvm1ymeonnouv kernel: io scheduler bfq registered
Apr  1 06:45:10 pkrvm1ymeonnouv kernel: atomic64_test: passed for x86-64 platform with CX8 and with SSE
Apr  1 06:45:10 pkrvm1ymeonnouv kernel: shpchp: Standard Hot Plug PCI Controller Driver version: 0.4
Apr  1 06:45:10 pkrvm1ymeonnouv kernel: input: Power Button as /devices/LNXSYSTM:00/LNXPWRBN:00/input/input0
Apr  1 06:45:10 pkrvm1ymeonnouv kernel: ACPI: button: Power Button [PWRF]
Apr  1 06:45:10 pkrvm1ymeonnouv kernel: Serial: 8250/16550 driver, 4 ports, IRQ sharing enabled
Apr  1 06:45:10 pkrvm1ymeonnouv kernel: 00:03: ttyS0 at I/O 0x3f8 (irq = 4, base_baud = 115200) is a 16550A
Apr  1 06:45:10 pkrvm1ymeonnouv kernel: 00:04: ttyS1 at I/O 0x2f8 (irq = 3, base_baud = 115200) is a 16550A
Apr  1 06:45:10 pkrvm1ymeonnouv kernel: Non-volatile memory driver v1.3
Apr  1 06:45:10 pkrvm1ymeonnouv kernel: rdac: device handler registered
Apr  1 06:45:10 pkrvm1ymeonnouv kernel: hp_sw: device handler registered
Apr  1 06:45:10 pkrvm1ymeonnouv kernel: emc: device handler registered
Apr  1 06:45:10 pkrvm1ymeonnouv kernel: alua: device handler registered
Apr  1 06:45:10 pkrvm1ymeonnouv kernel: usbcore: registered new interface driver usbserial_generic
Apr  1 06:45:10 pkrvm1ymeonnouv kernel: usbserial: USB Serial support registered for generic
Apr  1 06:45:10 pkrvm1ymeonnouv kernel: i8042: PNP: PS/2 Controller [PNP0303:PS2K,PNP0f03:PS2M] at 0x60,0x64 irq 1,12
Apr  1 06:45:10 pkrvm1ymeonnouv kernel: serio: i8042 KBD port at 0x60,0x64 irq 1
Apr  1 06:45:10 pkrvm1ymeonnouv kernel: serio: i8042 AUX port at 0x60,0x64 irq 12
Apr  1 06:45:10 pkrvm1ymeonnouv kernel: mousedev: PS/2 mouse device common for all mice
Apr  1 06:45:10 pkrvm1ymeonnouv kernel: rtc_cmos 00:00: RTC can wake from S4
Apr  1 06:45:10 pkrvm1ymeonnouv kernel: rtc_cmos 00:00: registered as rtc0
Apr  1 06:45:10 pkrvm1ymeonnouv kernel: rtc_cmos 00:00: setting system clock to 2025-04-01T06:45:09 UTC (1743489909)
Apr  1 06:45:10 pkrvm1ymeonnouv kernel: rtc_cmos 00:00: alarms up to one month, 114 bytes nvram
Apr  1 06:45:10 pkrvm1ymeonnouv kernel: intel_pstate: CPU model not supported
Apr  1 06:45:10 pkrvm1ymeonnouv kernel: hid: raw HID events driver (C) Jiri Kosina
Apr  1 06:45:10 pkrvm1ymeonnouv kernel: usbcore: registered new interface driver usbhid
Apr  1 06:45:10 pkrvm1ymeonnouv kernel: usbhid: USB HID core driver
Apr  1 06:45:10 pkrvm1ymeonnouv kernel: drop_monitor: Initializing network drop monitor service
Apr  1 06:45:10 pkrvm1ymeonnouv kernel: Initializing XFRM netlink socket
Apr  1 06:45:10 pkrvm1ymeonnouv kernel: NET: Registered PF_INET6 protocol family
Apr  1 06:45:10 pkrvm1ymeonnouv kernel: input: AT Translated Set 2 keyboard as /devices/platform/i8042/serio0/input/input1
Apr  1 06:45:10 pkrvm1ymeonnouv kernel: Freeing initrd memory: 34328K
Apr  1 06:45:10 pkrvm1ymeonnouv kernel: Segment Routing with IPv6
Apr  1 06:45:10 pkrvm1ymeonnouv kernel: NET: Registered PF_PACKET protocol family
Apr  1 06:45:10 pkrvm1ymeonnouv kernel: mpls_gso: MPLS GSO support
Apr  1 06:45:10 pkrvm1ymeonnouv kernel: No MBM correction factor available
Apr  1 06:45:10 pkrvm1ymeonnouv kernel: IPI shorthand broadcast: enabled
Apr  1 06:45:10 pkrvm1ymeonnouv kernel: AVX2 version of gcm_enc/dec engaged.
Apr  1 06:45:10 pkrvm1ymeonnouv kernel: AES CTR mode by8 optimization enabled
Apr  1 06:45:10 pkrvm1ymeonnouv kernel: sched_clock: Marking stable (989556700, 16086700)->(1008132300, -2488900)
Apr  1 06:45:10 pkrvm1ymeonnouv kernel: registered taskstats version 1
Apr  1 06:45:10 pkrvm1ymeonnouv kernel: Loading compiled-in X.509 certificates
Apr  1 06:45:10 pkrvm1ymeonnouv kernel: Loaded X.509 cert 'Red Hat Enterprise Linux kernel signing key: 790e0d29ef06859c66ca323045ac3437ed6208f5'
Apr  1 06:45:10 pkrvm1ymeonnouv kernel: Loaded X.509 cert 'Red Hat Enterprise Linux Driver Update Program (key 3): bf57f3e87362bc7229d9f465321773dfd1f77a80'
Apr  1 06:45:10 pkrvm1ymeonnouv kernel: Loaded X.509 cert 'Red Hat Enterprise Linux kpatch signing key: 4d38fd864ebe18c5f0b72e3852e2014c3a676fc8'
Apr  1 06:45:10 pkrvm1ymeonnouv kernel: Loaded X.509 cert 'RH-IMA-CA: Red Hat IMA CA: fb31825dd0e073685b264e3038963673f753959a'
Apr  1 06:45:10 pkrvm1ymeonnouv kernel: Loaded X.509 cert 'Nvidia GPU OOT signing 001: 55e1cef88193e60419f0b0ec379c49f77545acf0'
Apr  1 06:45:10 pkrvm1ymeonnouv kernel: zswap: loaded using pool lzo/zbud
Apr  1 06:45:10 pkrvm1ymeonnouv kernel: page_owner is disabled
Apr  1 06:45:10 pkrvm1ymeonnouv kernel: Key type big_key registered
Apr  1 06:45:10 pkrvm1ymeonnouv kernel: Key type encrypted registered
Apr  1 06:45:10 pkrvm1ymeonnouv kernel: ima: No TPM chip found, activating TPM-bypass!
Apr  1 06:45:10 pkrvm1ymeonnouv kernel: Loading compiled-in module X.509 certificates
Apr  1 06:45:10 pkrvm1ymeonnouv kernel: Loaded X.509 cert 'Red Hat Enterprise Linux kernel signing key: 790e0d29ef06859c66ca323045ac3437ed6208f5'
Apr  1 06:45:10 pkrvm1ymeonnouv kernel: ima: Allocated hash algorithm: sha256
Apr  1 06:45:10 pkrvm1ymeonnouv kernel: ima: No architecture policies found
Apr  1 06:45:10 pkrvm1ymeonnouv kernel: evm: Initialising EVM extended attributes:
Apr  1 06:45:10 pkrvm1ymeonnouv kernel: evm: security.selinux
Apr  1 06:45:10 pkrvm1ymeonnouv kernel: evm: security.SMACK64 (disabled)
Apr  1 06:45:10 pkrvm1ymeonnouv kernel: evm: security.SMACK64EXEC (disabled)
Apr  1 06:45:10 pkrvm1ymeonnouv kernel: evm: security.SMACK64TRANSMUTE (disabled)
Apr  1 06:45:10 pkrvm1ymeonnouv kernel: evm: security.SMACK64MMAP (disabled)
Apr  1 06:45:10 pkrvm1ymeonnouv kernel: evm: security.apparmor (disabled)
Apr  1 06:45:10 pkrvm1ymeonnouv kernel: evm: security.ima
Apr  1 06:45:10 pkrvm1ymeonnouv kernel: evm: security.capability
Apr  1 06:45:10 pkrvm1ymeonnouv kernel: evm: HMAC attrs: 0x1
Apr  1 06:45:10 pkrvm1ymeonnouv kernel: psmouse serio1: trackpoint: failed to get extended button data, assuming 3 buttons
Apr  1 06:45:10 pkrvm1ymeonnouv kernel: Freeing unused decrypted memory: 2028K
Apr  1 06:45:10 pkrvm1ymeonnouv kernel: Freeing unused kernel image (initmem) memory: 3892K
Apr  1 06:45:10 pkrvm1ymeonnouv kernel: Write protecting the kernel read-only data: 28672k
Apr  1 06:45:10 pkrvm1ymeonnouv kernel: Freeing unused kernel image (rodata/data gap) memory: 540K
Apr  1 06:45:10 pkrvm1ymeonnouv kernel: x86/mm: Checked W+X mappings: passed, no W+X pages found.
Apr  1 06:45:10 pkrvm1ymeonnouv kernel: x86/mm: Checking user space page tables
Apr  1 06:45:10 pkrvm1ymeonnouv kernel: x86/mm: Checked W+X mappings: passed, no W+X pages found.
Apr  1 06:45:10 pkrvm1ymeonnouv kernel: Run /init as init process
Apr  1 06:45:10 pkrvm1ymeonnouv systemd: systemd 252-32.el9_4 running in system mode (+PAM +AUDIT +SELINUX -APPARMOR +IMA +SMACK +SECCOMP +GCRYPT +GNUTLS +OPENSSL +ACL +BLKID +CURL +ELFUTILS -FIDO2 +IDN2 -IDN -IPTC +KMOD +LIBCRYPTSETUP +LIBFDISK +PCRE2 -PWQUALITY +P11KIT -QRENCODE +TPM2 +BZIP2 +LZ4 +XZ +ZLIB +ZSTD -BPF_FRAMEWORK +XKBCOMMON +UTMP +SYSVINIT default-hierarchy=unified)
Apr  1 06:45:10 pkrvm1ymeonnouv systemd: Detected virtualization microsoft.
Apr  1 06:45:10 pkrvm1ymeonnouv systemd: Detected architecture x86-64.
Apr  1 06:45:10 pkrvm1ymeonnouv systemd: Running in initrd.
Apr  1 06:45:10 pkrvm1ymeonnouv systemd: Hostname set to <localhost.localdomain>.
Apr  1 06:45:10 pkrvm1ymeonnouv systemd: Queued start job for default target Initrd Default Target.
Apr  1 06:45:10 pkrvm1ymeonnouv systemd: Started Dispatch Password Requests to Console Directory Watch.
Apr  1 06:45:10 pkrvm1ymeonnouv systemd: Reached target Initrd /usr File System.
Apr  1 06:45:10 pkrvm1ymeonnouv systemd: Reached target Local File Systems.
Apr  1 06:45:10 pkrvm1ymeonnouv systemd: Reached target Path Units.
Apr  1 06:45:10 pkrvm1ymeonnouv systemd: Reached target Slice Units.
Apr  1 06:45:10 pkrvm1ymeonnouv systemd: Reached target Swaps.
Apr  1 06:45:10 pkrvm1ymeonnouv systemd: Reached target Timer Units.
Apr  1 06:45:10 pkrvm1ymeonnouv systemd: Listening on D-Bus System Message Bus Socket.
Apr  1 06:45:10 pkrvm1ymeonnouv systemd: Listening on Journal Socket (/dev/log).
Apr  1 06:45:10 pkrvm1ymeonnouv systemd: Listening on Journal Socket.
Apr  1 06:45:10 pkrvm1ymeonnouv systemd: Listening on udev Control Socket.
Apr  1 06:45:10 pkrvm1ymeonnouv systemd: Listening on udev Kernel Socket.
Apr  1 06:45:10 pkrvm1ymeonnouv systemd: Reached target Socket Units.
Apr  1 06:45:10 pkrvm1ymeonnouv systemd: Starting Create List of Static Device Nodes...
Apr  1 06:45:10 pkrvm1ymeonnouv systemd: Starting Journal Service...
Apr  1 06:45:10 pkrvm1ymeonnouv systemd: Starting Load Kernel Modules...
Apr  1 06:45:10 pkrvm1ymeonnouv systemd: Starting Create System Users...
Apr  1 06:45:10 pkrvm1ymeonnouv systemd: Starting Setup Virtual Console...
Apr  1 06:45:10 pkrvm1ymeonnouv systemd: Finished Create List of Static Device Nodes.
Apr  1 06:45:10 pkrvm1ymeonnouv systemd: Finished Load Kernel Modules.
Apr  1 06:45:10 pkrvm1ymeonnouv systemd: Starting Apply Kernel Variables...
Apr  1 06:45:10 pkrvm1ymeonnouv systemd-journald[245]: Journal started
Apr  1 06:45:10 pkrvm1ymeonnouv systemd-journald[245]: Runtime Journal (/run/log/journal/85e509080aee488bae703f597656e1f0) is 8.0M, max 2.5G, 2.4G free.
Apr  1 06:45:10 pkrvm1ymeonnouv systemd-modules-load[246]: Module 'msr' is built in
Apr  1 06:45:10 pkrvm1ymeonnouv systemd-sysusers[248]: Creating group 'nobody' with GID 65534.
Apr  1 06:45:10 pkrvm1ymeonnouv systemd: Started Journal Service.
Apr  1 06:45:10 pkrvm1ymeonnouv systemd[1]: Finished Apply Kernel Variables.
Apr  1 06:45:10 pkrvm1ymeonnouv systemd-sysusers[248]: Creating group 'users' with GID 100.
Apr  1 06:45:10 pkrvm1ymeonnouv systemd-sysusers[248]: Creating group 'dbus' with GID 81.
Apr  1 06:45:10 pkrvm1ymeonnouv systemd-sysusers[248]: Creating user 'dbus' (System Message Bus) with UID 81 and GID 81.
Apr  1 06:45:10 pkrvm1ymeonnouv systemd[1]: Finished Create System Users.
Apr  1 06:45:10 pkrvm1ymeonnouv systemd[1]: Starting Create Static Device Nodes in /dev...
Apr  1 06:45:10 pkrvm1ymeonnouv systemd[1]: Starting Create Volatile Files and Directories...
Apr  1 06:45:10 pkrvm1ymeonnouv systemd[1]: Finished Create Static Device Nodes in /dev.
Apr  1 06:45:10 pkrvm1ymeonnouv systemd[1]: Finished Create Volatile Files and Directories.
Apr  1 06:45:11 pkrvm1ymeonnouv systemd[1]: Finished Setup Virtual Console.
Apr  1 06:45:11 pkrvm1ymeonnouv systemd[1]: dracut ask for additional cmdline parameters was skipped because no trigger condition checks were met.
Apr  1 06:45:11 pkrvm1ymeonnouv systemd[1]: Starting dracut cmdline hook...
Apr  1 06:45:11 pkrvm1ymeonnouv dracut-cmdline[262]: dracut-9.4 (Plow) dracut-057-53.git20240104.el9
Apr  1 06:45:11 pkrvm1ymeonnouv dracut-cmdline[262]: Using kernel command line parameters:    BOOT_IMAGE=(hd0,gpt2)/vmlinuz-5.14.0-427.13.1.el9_4.x86_64 root=/dev/mapper/rootvg-rootlv ro loglevel=3 crashkernel=1G-4G:192M,4G-64G:256M,64G-:512M console=tty1 console=ttyS0,115200n8 earlyprintk=ttyS0,115200 net.ifnames=0 nvme_core.io_timeout=240
Apr  1 06:45:11 pkrvm1ymeonnouv systemd[1]: Finished dracut cmdline hook.
Apr  1 06:45:11 pkrvm1ymeonnouv systemd[1]: Starting dracut pre-udev hook...
Apr  1 06:45:11 pkrvm1ymeonnouv kernel: device-mapper: core: CONFIG_IMA_DISABLE_HTABLE is disabled. Duplicate IMA measurements will not be recorded in the IMA log.
Apr  1 06:45:11 pkrvm1ymeonnouv kernel: device-mapper: uevent: version 1.0.3
Apr  1 06:45:11 pkrvm1ymeonnouv kernel: device-mapper: ioctl: 4.48.0-ioctl (2023-03-01) initialised: dm-devel@redhat.com
Apr  1 06:45:11 pkrvm1ymeonnouv systemd[1]: Finished dracut pre-udev hook.
Apr  1 06:45:11 pkrvm1ymeonnouv systemd[1]: Starting Rule-based Manager for Device Events and Files...
Apr  1 06:45:11 pkrvm1ymeonnouv systemd-udevd[359]: Using default interface naming scheme 'rhel-9.0'.
Apr  1 06:45:11 pkrvm1ymeonnouv systemd[1]: Started Rule-based Manager for Device Events and Files.
Apr  1 06:45:11 pkrvm1ymeonnouv systemd[1]: dracut pre-trigger hook was skipped because no trigger condition checks were met.
Apr  1 06:45:11 pkrvm1ymeonnouv systemd[1]: Starting Coldplug All udev Devices...
Apr  1 06:45:11 pkrvm1ymeonnouv systemd[1]: Finished Coldplug All udev Devices.
Apr  1 06:45:11 pkrvm1ymeonnouv systemd[1]: Reached target System Initialization.
Apr  1 06:45:11 pkrvm1ymeonnouv systemd[1]: Reached target Basic System.
Apr  1 06:45:11 pkrvm1ymeonnouv systemd[1]: nm-initrd.service was skipped because of an unmet condition check (ConditionPathExists=/run/NetworkManager/initrd/neednet).
Apr  1 06:45:11 pkrvm1ymeonnouv systemd[1]: Reached target Network.
Apr  1 06:45:11 pkrvm1ymeonnouv systemd[1]: nm-wait-online-initrd.service was skipped because of an unmet condition check (ConditionPathExists=/run/NetworkManager/initrd/neednet).
Apr  1 06:45:11 pkrvm1ymeonnouv systemd[1]: Starting dracut initqueue hook...
Apr  1 06:45:11 pkrvm1ymeonnouv systemd[1]: Started Hardware RNG Entropy Gatherer Daemon.
Apr  1 06:45:11 pkrvm1ymeonnouv rngd[382]: Disabling 7: PKCS11 Entropy generator (pkcs11)
Apr  1 06:45:11 pkrvm1ymeonnouv rngd[382]: Disabling 5: NIST Network Entropy Beacon (nist)
Apr  1 06:45:11 pkrvm1ymeonnouv rngd[382]: Disabling 9: Qrypt quantum entropy beacon (qrypt)
Apr  1 06:45:11 pkrvm1ymeonnouv rngd[382]: Initializing available sources
Apr  1 06:45:11 pkrvm1ymeonnouv rngd[382]: [hwrng ]: Initialization Failed
Apr  1 06:45:11 pkrvm1ymeonnouv rngd[382]: [rdrand]: Enabling RDSEED rng support
Apr  1 06:45:11 pkrvm1ymeonnouv rngd[382]: [rdrand]: Initialized
Apr  1 06:45:11 pkrvm1ymeonnouv rngd[382]: [jitter]: JITTER timeout set to 5 sec
Apr  1 06:45:11 pkrvm1ymeonnouv rngd[382]: [jitter]: Initializing AES buffer
Apr  1 06:45:11 pkrvm1ymeonnouv kernel: hv_vmbus: Vmbus version:4.0
Apr  1 06:45:11 pkrvm1ymeonnouv kernel: ata_piix 0000:00:07.1: Hyper-V Virtual Machine detected, ATA device ignore set
Apr  1 06:45:11 pkrvm1ymeonnouv kernel: scsi host0: ata_piix
Apr  1 06:45:11 pkrvm1ymeonnouv kernel: scsi host1: ata_piix
Apr  1 06:45:11 pkrvm1ymeonnouv kernel: ata1: PATA max UDMA/33 cmd 0x1f0 ctl 0x3f6 bmdma 0xffa0 irq 14 lpm-pol 0
Apr  1 06:45:11 pkrvm1ymeonnouv kernel: ata2: PATA max UDMA/33 cmd 0x170 ctl 0x376 bmdma 0xffa8 irq 15 lpm-pol 0
Apr  1 06:45:11 pkrvm1ymeonnouv kernel: hv_vmbus: registering driver hyperv_keyboard
Apr  1 06:45:11 pkrvm1ymeonnouv kernel: hv_vmbus: registering driver hid_hyperv
Apr  1 06:45:11 pkrvm1ymeonnouv kernel: input: Microsoft Vmbus HID-compliant Mouse as /devices/0006:045E:0621.0001/input/input4
Apr  1 06:45:11 pkrvm1ymeonnouv kernel: hid-generic 0006:045E:0621.0001: input: VIRTUAL HID v0.01 Mouse [Microsoft Vmbus HID-compliant Mouse] on 
Apr  1 06:45:11 pkrvm1ymeonnouv kernel: hv_vmbus: registering driver hv_storvsc
Apr  1 06:45:11 pkrvm1ymeonnouv kernel: scsi host2: storvsc_host_t
Apr  1 06:45:11 pkrvm1ymeonnouv kernel: scsi 2:0:0:0: Direct-Access     Msft     Virtual Disk     1.0  PQ: 0 ANSI: 5
Apr  1 06:45:11 pkrvm1ymeonnouv kernel: scsi host3: storvsc_host_t
Apr  1 06:45:11 pkrvm1ymeonnouv kernel: scsi 3:0:1:0: Direct-Access     Msft     Virtual Disk     1.0  PQ: 0 ANSI: 5
Apr  1 06:45:11 pkrvm1ymeonnouv kernel: scsi host5: storvsc_host_t
Apr  1 06:45:11 pkrvm1ymeonnouv kernel: scsi host4: storvsc_host_t
Apr  1 06:45:11 pkrvm1ymeonnouv kernel: hv_vmbus: registering driver hv_netvsc
Apr  1 06:45:11 pkrvm1ymeonnouv kernel: scsi 2:0:0:0: Attached scsi generic sg0 type 0
Apr  1 06:45:11 pkrvm1ymeonnouv kernel: scsi 3:0:1:0: Attached scsi generic sg1 type 0
Apr  1 06:45:11 pkrvm1ymeonnouv kernel: sd 2:0:0:0: [sda] 134217728 512-byte logical blocks: (68.7 GB/64.0 GiB)
Apr  1 06:45:11 pkrvm1ymeonnouv kernel: sd 2:0:0:0: [sda] 4096-byte physical blocks
Apr  1 06:45:11 pkrvm1ymeonnouv kernel: sd 3:0:1:0: [sdb] 536870912 512-byte logical blocks: (275 GB/256 GiB)
Apr  1 06:45:11 pkrvm1ymeonnouv kernel: sd 3:0:1:0: [sdb] 4096-byte physical blocks
Apr  1 06:45:11 pkrvm1ymeonnouv kernel: sd 2:0:0:0: [sda] Write Protect is off
Apr  1 06:45:11 pkrvm1ymeonnouv kernel: sd 3:0:1:0: [sdb] Write Protect is off
Apr  1 06:45:11 pkrvm1ymeonnouv kernel: sd 3:0:1:0: [sdb] Write cache: disabled, read cache: enabled, supports DPO and FUA
Apr  1 06:45:11 pkrvm1ymeonnouv kernel: sd 2:0:0:0: [sda] Write cache: enabled, read cache: enabled, supports DPO and FUA
Apr  1 06:45:11 pkrvm1ymeonnouv kernel: sdb: sdb1
Apr  1 06:45:11 pkrvm1ymeonnouv kernel: sd 3:0:1:0: [sdb] Attached SCSI disk
Apr  1 06:45:11 pkrvm1ymeonnouv kernel: sda: sda1 sda2 sda3 sda4
Apr  1 06:45:11 pkrvm1ymeonnouv kernel: sd 2:0:0:0: [sda] Attached SCSI disk
Apr  1 06:45:11 pkrvm1ymeonnouv kernel: ata2.00: ATAPI: Virtual CD, , max MWDMA2
Apr  1 06:45:12 pkrvm1ymeonnouv kernel: scsi 1:0:0:0: CD-ROM            Msft     Virtual CD/ROM   1.0  PQ: 0 ANSI: 5
Apr  1 06:45:12 pkrvm1ymeonnouv kernel: scsi 1:0:0:0: Attached scsi generic sg2 type 5
Apr  1 06:45:12 pkrvm1ymeonnouv kernel: sr 1:0:0:0: [sr0] scsi3-mmc drive: 0x/0x tray
Apr  1 06:45:12 pkrvm1ymeonnouv kernel: cdrom: Uniform CD-ROM driver Revision: 3.20
Apr  1 06:45:12 pkrvm1ymeonnouv systemd-udevd[363]: Network interface NamePolicy= disabled on kernel command line.
Apr  1 06:45:12 pkrvm1ymeonnouv dracut-initqueue[479]: Scanning devices sda4  for LVM volume groups
Apr  1 06:45:12 pkrvm1ymeonnouv dracut-initqueue[501]: Found volume group "rootvg" using metadata type lvm2
Apr  1 06:45:13 pkrvm1ymeonnouv dracut-initqueue[503]: 5 logical volume(s) in volume group "rootvg" now active
Apr  1 06:45:13 pkrvm1ymeonnouv systemd[1]: Found device /dev/mapper/rootvg-rootlv.
Apr  1 06:45:13 pkrvm1ymeonnouv systemd[1]: Reached target Initrd Root Device.
Apr  1 06:45:13 pkrvm1ymeonnouv systemd[1]: Finished dracut initqueue hook.
Apr  1 06:45:13 pkrvm1ymeonnouv systemd[1]: Reached target Preparation for Remote File Systems.
Apr  1 06:45:13 pkrvm1ymeonnouv systemd[1]: Reached target Remote File Systems.
Apr  1 06:45:13 pkrvm1ymeonnouv systemd[1]: dracut pre-mount hook was skipped because no trigger condition checks were met.
Apr  1 06:45:13 pkrvm1ymeonnouv systemd[1]: Starting File System Check on /dev/mapper/rootvg-rootlv...
Apr  1 06:45:13 pkrvm1ymeonnouv systemd-fsck[536]: /usr/sbin/fsck.xfs: XFS file system.
Apr  1 06:45:13 pkrvm1ymeonnouv systemd[1]: Finished File System Check on /dev/mapper/rootvg-rootlv.
Apr  1 06:45:13 pkrvm1ymeonnouv systemd[1]: Mounting /sysroot...
Apr  1 06:45:13 pkrvm1ymeonnouv kernel: psmouse serio1: trackpoint: IBM TrackPoint firmware: 0x01, buttons: 3/3
Apr  1 06:45:13 pkrvm1ymeonnouv kernel: input: TPPS/2 IBM TrackPoint as /devices/platform/i8042/serio1/input/input3
Apr  1 06:45:13 pkrvm1ymeonnouv kernel: input: AT Translated Set 2 keyboard as /devices/LNXSYSTM:00/LNXSYBUS:00/PNP0A03:00/device:07/VMBUS:01/d34b2567-b9b6-42b9-8778-0a4ec0b955bf/serio2/input/input5
Apr  1 06:45:13 pkrvm1ymeonnouv kernel: SGI XFS with ACLs, security attributes, scrub, quota, no debug enabled
Apr  1 06:45:13 pkrvm1ymeonnouv kernel: XFS (dm-4): Mounting V5 Filesystem 8ba4692f-9b62-4b29-9707-49dc2d9c4d37
Apr  1 06:45:14 pkrvm1ymeonnouv kernel: XFS (dm-4): Ending clean mount
Apr  1 06:45:14 pkrvm1ymeonnouv systemd[1]: Mounted /sysroot.
Apr  1 06:45:14 pkrvm1ymeonnouv systemd[1]: Reached target Initrd Root File System.
Apr  1 06:45:14 pkrvm1ymeonnouv systemd[1]: Starting Mountpoints Configured in the Real Root...
Apr  1 06:45:14 pkrvm1ymeonnouv systemd-sysroot-fstab-check[549]: /sysusr/usr should be mounted in the initrd, will request daemon-reload.
Apr  1 06:45:14 pkrvm1ymeonnouv systemd-sysroot-fstab-check[549]: /sysroot/usr should be mounted in the initrd, will request daemon-reload.
Apr  1 06:45:14 pkrvm1ymeonnouv systemd[1]: Reloading.
Apr  1 06:45:14 pkrvm1ymeonnouv systemd-sysroot-fstab-check[549]: Requesting initrd-fs.target/start/replace...
Apr  1 06:45:14 pkrvm1ymeonnouv systemd-sysroot-fstab-check[549]: Requesting swap.target/start/replace...
Apr  1 06:45:14 pkrvm1ymeonnouv systemd[1]: Mounting /sysusr/usr...
Apr  1 06:45:14 pkrvm1ymeonnouv systemd[1]: initrd-parse-etc.service: Deactivated successfully.
Apr  1 06:45:14 pkrvm1ymeonnouv systemd[1]: Finished Mountpoints Configured in the Real Root.
Apr  1 06:45:14 pkrvm1ymeonnouv systemd[1]: dracut mount hook was skipped because no trigger condition checks were met.
Apr  1 06:45:14 pkrvm1ymeonnouv kernel: XFS (dm-1): Mounting V5 Filesystem 7392a8cd-0c82-47de-9303-c59c4a5f110e
Apr  1 06:45:14 pkrvm1ymeonnouv kernel: XFS (dm-1): Ending clean mount
Apr  1 06:45:14 pkrvm1ymeonnouv systemd[1]: Mounted /sysusr/usr.
Apr  1 06:45:14 pkrvm1ymeonnouv systemd[1]: Mounting /sysroot/usr...
Apr  1 06:45:14 pkrvm1ymeonnouv systemd[1]: Mounted /sysroot/usr.
Apr  1 06:45:14 pkrvm1ymeonnouv systemd[1]: Reached target Initrd File Systems.
Apr  1 06:45:14 pkrvm1ymeonnouv systemd[1]: Reached target Initrd Default Target.
Apr  1 06:45:14 pkrvm1ymeonnouv systemd[1]: Starting dracut pre-pivot and cleanup hook...
Apr  1 06:45:14 pkrvm1ymeonnouv systemd[1]: Finished dracut pre-pivot and cleanup hook.
Apr  1 06:45:14 pkrvm1ymeonnouv systemd[1]: Starting Cleaning Up and Shutting Down Daemons...
Apr  1 06:45:14 pkrvm1ymeonnouv systemd[1]: Stopped target Network.
Apr  1 06:45:14 pkrvm1ymeonnouv systemd[1]: Stopped target Timer Units.
Apr  1 06:45:14 pkrvm1ymeonnouv systemd[1]: dbus.socket: Deactivated successfully.
Apr  1 06:45:14 pkrvm1ymeonnouv systemd[1]: Closed D-Bus System Message Bus Socket.
Apr  1 06:45:14 pkrvm1ymeonnouv systemd[1]: dracut-pre-pivot.service: Deactivated successfully.
Apr  1 06:45:14 pkrvm1ymeonnouv systemd[1]: Stopped dracut pre-pivot and cleanup hook.
Apr  1 06:45:14 pkrvm1ymeonnouv systemd[1]: Stopped target Initrd Default Target.
Apr  1 06:45:14 pkrvm1ymeonnouv systemd[1]: Stopped target Initrd Root Device.
Apr  1 06:45:14 pkrvm1ymeonnouv systemd[1]: Stopped target Initrd /usr File System.
Apr  1 06:45:14 pkrvm1ymeonnouv systemd[1]: Stopped target Remote File Systems.
Apr  1 06:45:14 pkrvm1ymeonnouv systemd[1]: Stopped target Preparation for Remote File Systems.
Apr  1 06:45:14 pkrvm1ymeonnouv systemd[1]: dracut-initqueue.service: Deactivated successfully.
Apr  1 06:45:14 pkrvm1ymeonnouv systemd[1]: Stopped dracut initqueue hook.
Apr  1 06:45:14 pkrvm1ymeonnouv systemd[1]: Stopping Hardware RNG Entropy Gatherer Daemon...
Apr  1 06:45:14 pkrvm1ymeonnouv systemd[1]: systemd-vconsole-setup.service: Deactivated successfully.
Apr  1 06:45:14 pkrvm1ymeonnouv systemd[1]: Stopped Setup Virtual Console.
Apr  1 06:45:14 pkrvm1ymeonnouv systemd[1]: rngd.service: Deactivated successfully.
Apr  1 06:45:14 pkrvm1ymeonnouv systemd[1]: Stopped Hardware RNG Entropy Gatherer Daemon.
Apr  1 06:45:14 pkrvm1ymeonnouv systemd[1]: rngd.service: Consumed 10.112s CPU time.
Apr  1 06:45:14 pkrvm1ymeonnouv systemd[1]: Stopped target Basic System.
Apr  1 06:45:14 pkrvm1ymeonnouv systemd[1]: Stopped target Path Units.
Apr  1 06:45:14 pkrvm1ymeonnouv systemd[1]: systemd-ask-password-console.path: Deactivated successfully.
Apr  1 06:45:14 pkrvm1ymeonnouv systemd[1]: Stopped Dispatch Password Requests to Console Directory Watch.
Apr  1 06:45:14 pkrvm1ymeonnouv systemd[1]: Stopped target Slice Units.
Apr  1 06:45:14 pkrvm1ymeonnouv systemd[1]: Stopped target Socket Units.
Apr  1 06:45:14 pkrvm1ymeonnouv systemd[1]: Stopped target System Initialization.
Apr  1 06:45:14 pkrvm1ymeonnouv systemd[1]: Stopped target Local File Systems.
Apr  1 06:45:14 pkrvm1ymeonnouv systemd[1]: Stopped target Swaps.
Apr  1 06:45:14 pkrvm1ymeonnouv systemd[1]: systemd-sysctl.service: Deactivated successfully.
Apr  1 06:45:14 pkrvm1ymeonnouv systemd[1]: Stopped Apply Kernel Variables.
Apr  1 06:45:14 pkrvm1ymeonnouv systemd[1]: systemd-modules-load.service: Deactivated successfully.
Apr  1 06:45:14 pkrvm1ymeonnouv systemd[1]: Stopped Load Kernel Modules.
Apr  1 06:45:14 pkrvm1ymeonnouv systemd[1]: systemd-tmpfiles-setup.service: Deactivated successfully.
Apr  1 06:45:14 pkrvm1ymeonnouv systemd[1]: Stopped Create Volatile Files and Directories.
Apr  1 06:45:14 pkrvm1ymeonnouv systemd[1]: systemd-udev-trigger.service: Deactivated successfully.
Apr  1 06:45:14 pkrvm1ymeonnouv systemd[1]: Stopped Coldplug All udev Devices.
Apr  1 06:45:14 pkrvm1ymeonnouv systemd[1]: Stopping Rule-based Manager for Device Events and Files...
Apr  1 06:45:14 pkrvm1ymeonnouv systemd[1]: run-credentials-systemd\x2dtmpfiles\x2dsetup.service.mount: Deactivated successfully.
Apr  1 06:45:14 pkrvm1ymeonnouv systemd[1]: run-credentials-systemd\x2dsysctl.service.mount: Deactivated successfully.
Apr  1 06:45:14 pkrvm1ymeonnouv systemd[1]: initrd-cleanup.service: Deactivated successfully.
Apr  1 06:45:14 pkrvm1ymeonnouv systemd[1]: Finished Cleaning Up and Shutting Down Daemons.
Apr  1 06:45:14 pkrvm1ymeonnouv systemd[1]: systemd-udevd.service: Deactivated successfully.
Apr  1 06:45:14 pkrvm1ymeonnouv systemd[1]: Stopped Rule-based Manager for Device Events and Files.
Apr  1 06:45:14 pkrvm1ymeonnouv systemd[1]: systemd-udevd.service: Consumed 1.508s CPU time.
Apr  1 06:45:14 pkrvm1ymeonnouv systemd[1]: systemd-udevd-control.socket: Deactivated successfully.
Apr  1 06:45:14 pkrvm1ymeonnouv systemd[1]: Closed udev Control Socket.
Apr  1 06:45:14 pkrvm1ymeonnouv systemd[1]: systemd-udevd-kernel.socket: Deactivated successfully.
Apr  1 06:45:14 pkrvm1ymeonnouv systemd[1]: Closed udev Kernel Socket.
Apr  1 06:45:14 pkrvm1ymeonnouv systemd[1]: dracut-pre-udev.service: Deactivated successfully.
Apr  1 06:45:14 pkrvm1ymeonnouv systemd[1]: Stopped dracut pre-udev hook.
Apr  1 06:45:14 pkrvm1ymeonnouv systemd[1]: dracut-cmdline.service: Deactivated successfully.
Apr  1 06:45:14 pkrvm1ymeonnouv systemd[1]: Stopped dracut cmdline hook.
Apr  1 06:45:14 pkrvm1ymeonnouv systemd[1]: Starting Cleanup udev Database...
Apr  1 06:45:14 pkrvm1ymeonnouv systemd[1]: systemd-tmpfiles-setup-dev.service: Deactivated successfully.
Apr  1 06:45:14 pkrvm1ymeonnouv systemd[1]: Stopped Create Static Device Nodes in /dev.
Apr  1 06:45:14 pkrvm1ymeonnouv systemd[1]: kmod-static-nodes.service: Deactivated successfully.
Apr  1 06:45:14 pkrvm1ymeonnouv systemd[1]: Stopped Create List of Static Device Nodes.
Apr  1 06:45:14 pkrvm1ymeonnouv systemd[1]: systemd-sysusers.service: Deactivated successfully.
Apr  1 06:45:14 pkrvm1ymeonnouv systemd[1]: Stopped Create System Users.
Apr  1 06:45:14 pkrvm1ymeonnouv systemd[1]: run-credentials-systemd\x2dtmpfiles\x2dsetup\x2ddev.service.mount: Deactivated successfully.
Apr  1 06:45:14 pkrvm1ymeonnouv systemd[1]: run-credentials-systemd\x2dsysusers.service.mount: Deactivated successfully.
Apr  1 06:45:14 pkrvm1ymeonnouv systemd[1]: initrd-udevadm-cleanup-db.service: Deactivated successfully.
Apr  1 06:45:14 pkrvm1ymeonnouv systemd[1]: Finished Cleanup udev Database.
Apr  1 06:45:14 pkrvm1ymeonnouv systemd[1]: Reached target Switch Root.
Apr  1 06:45:14 pkrvm1ymeonnouv systemd[1]: Starting Switch Root...
Apr  1 06:45:14 pkrvm1ymeonnouv systemd[1]: Switching root.
Apr  1 06:45:14 pkrvm1ymeonnouv systemd-journald[245]: Journal stopped
Apr  1 06:45:19 pkrvm1ymeonnouv systemd-journald: Received SIGTERM from PID 1 (systemd).
Apr  1 06:45:19 pkrvm1ymeonnouv kernel: audit: type=1404 audit(1743489916.383:2): enforcing=1 old_enforcing=0 auid=4294967295 ses=4294967295 enabled=1 old-enabled=1 lsm=selinux res=1
Apr  1 06:45:19 pkrvm1ymeonnouv kernel: SELinux:  policy capability network_peer_controls=1
Apr  1 06:45:19 pkrvm1ymeonnouv kernel: SELinux:  policy capability open_perms=1
Apr  1 06:45:19 pkrvm1ymeonnouv kernel: SELinux:  policy capability extended_socket_class=1
Apr  1 06:45:19 pkrvm1ymeonnouv kernel: SELinux:  policy capability always_check_network=0
Apr  1 06:45:19 pkrvm1ymeonnouv kernel: SELinux:  policy capability cgroup_seclabel=1
Apr  1 06:45:19 pkrvm1ymeonnouv kernel: SELinux:  policy capability nnp_nosuid_transition=1
Apr  1 06:45:19 pkrvm1ymeonnouv kernel: SELinux:  policy capability genfs_seclabel_symlinks=1
Apr  1 06:45:19 pkrvm1ymeonnouv kernel: audit: type=1403 audit(1743489916.612:3): auid=4294967295 ses=4294967295 lsm=selinux res=1
Apr  1 06:45:19 pkrvm1ymeonnouv systemd: Successfully loaded SELinux policy in 260.520ms.
Apr  1 06:45:19 pkrvm1ymeonnouv systemd: Relabelled /dev, /dev/shm, /run, /sys/fs/cgroup in 46.036ms.
Apr  1 06:45:19 pkrvm1ymeonnouv systemd: systemd 252-32.el9_4 running in system mode (+PAM +AUDIT +SELINUX -APPARMOR +IMA +SMACK +SECCOMP +GCRYPT +GNUTLS +OPENSSL +ACL +BLKID +CURL +ELFUTILS -FIDO2 +IDN2 -IDN -IPTC +KMOD +LIBCRYPTSETUP +LIBFDISK +PCRE2 -PWQUALITY +P11KIT -QRENCODE +TPM2 +BZIP2 +LZ4 +XZ +ZLIB +ZSTD -BPF_FRAMEWORK +XKBCOMMON +UTMP +SYSVINIT default-hierarchy=unified)
Apr  1 06:45:19 pkrvm1ymeonnouv systemd: Detected virtualization microsoft.
Apr  1 06:45:19 pkrvm1ymeonnouv systemd: Detected architecture x86-64.
Apr  1 06:45:19 pkrvm1ymeonnouv systemd: Detected first boot.
Apr  1 06:45:19 pkrvm1ymeonnouv systemd: Initializing machine ID from random generator.
Apr  1 06:45:19 pkrvm1ymeonnouv systemd-rc-local-generator: /etc/rc.d/rc.local is not marked executable, skipping.
Apr  1 06:45:19 pkrvm1ymeonnouv systemd: Failed to populate /etc with preset unit settings, ignoring: Read-only file system
Apr  1 06:45:19 pkrvm1ymeonnouv systemd: initrd-switch-root.service: Deactivated successfully.
Apr  1 06:45:19 pkrvm1ymeonnouv systemd: Stopped Switch Root.
Apr  1 06:45:19 pkrvm1ymeonnouv systemd: systemd-journald.service: Scheduled restart job, restart counter is at 1.
Apr  1 06:45:19 pkrvm1ymeonnouv systemd: Created slice Slice for Azure VM Agent and Extensions.
Apr  1 06:45:19 pkrvm1ymeonnouv systemd: Created slice Slice /system/getty.
Apr  1 06:45:19 pkrvm1ymeonnouv systemd: Created slice Slice /system/modprobe.
Apr  1 06:45:19 pkrvm1ymeonnouv systemd: Created slice Slice /system/serial-getty.
Apr  1 06:45:19 pkrvm1ymeonnouv systemd: Created slice Slice /system/sshd-keygen.
Apr  1 06:45:19 pkrvm1ymeonnouv systemd: Created slice Slice /system/systemd-fsck.
Apr  1 06:45:19 pkrvm1ymeonnouv systemd: Created slice User and Session Slice.
Apr  1 06:45:19 pkrvm1ymeonnouv systemd: Started Dispatch Password Requests to Console Directory Watch.
Apr  1 06:45:19 pkrvm1ymeonnouv systemd: Started Forward Password Requests to Wall Directory Watch.
Apr  1 06:45:19 pkrvm1ymeonnouv systemd: Set up automount Arbitrary Executable File Formats File System Automount Point.
Apr  1 06:45:19 pkrvm1ymeonnouv systemd: Reached target Local Encrypted Volumes.
Apr  1 06:45:19 pkrvm1ymeonnouv systemd: Stopped target Switch Root.
Apr  1 06:45:19 pkrvm1ymeonnouv systemd: Stopped target Initrd File Systems.
Apr  1 06:45:19 pkrvm1ymeonnouv systemd: Stopped target Initrd Root File System.
Apr  1 06:45:19 pkrvm1ymeonnouv systemd: Reached target Local Integrity Protected Volumes.
Apr  1 06:45:19 pkrvm1ymeonnouv systemd: Reached target Path Units.
Apr  1 06:45:19 pkrvm1ymeonnouv systemd: Reached target Remote File Systems.
Apr  1 06:45:19 pkrvm1ymeonnouv systemd: Reached target Slice Units.
Apr  1 06:45:19 pkrvm1ymeonnouv systemd: Reached target Swaps.
Apr  1 06:45:19 pkrvm1ymeonnouv systemd: Reached target Local Verity Protected Volumes.
Apr  1 06:45:19 pkrvm1ymeonnouv systemd: Listening on Device-mapper event daemon FIFOs.
Apr  1 06:45:19 pkrvm1ymeonnouv systemd: Listening on LVM2 poll daemon socket.
Apr  1 06:45:19 pkrvm1ymeonnouv systemd: multipathd control socket was skipped because of an unmet condition check (ConditionPathExists=/etc/multipath.conf).
Apr  1 06:45:19 pkrvm1ymeonnouv systemd: Listening on Process Core Dump Socket.
Apr  1 06:45:19 pkrvm1ymeonnouv systemd: Listening on initctl Compatibility Named Pipe.
Apr  1 06:45:19 pkrvm1ymeonnouv systemd: Listening on udev Control Socket.
Apr  1 06:45:19 pkrvm1ymeonnouv systemd: Listening on udev Kernel Socket.
Apr  1 06:45:19 pkrvm1ymeonnouv systemd: Mounting Huge Pages File System...
Apr  1 06:45:19 pkrvm1ymeonnouv systemd: Mounting POSIX Message Queue File System...
Apr  1 06:45:19 pkrvm1ymeonnouv systemd: Mounting Kernel Debug File System...
Apr  1 06:45:19 pkrvm1ymeonnouv systemd: Mounting Kernel Trace File System...
Apr  1 06:45:19 pkrvm1ymeonnouv systemd: Starting Create List of Static Device Nodes...
Apr  1 06:45:19 pkrvm1ymeonnouv systemd: Starting Monitoring of LVM2 mirrors, snapshots etc. using dmeventd or progress polling...
Apr  1 06:45:19 pkrvm1ymeonnouv systemd: Starting Load Kernel Module configfs...
Apr  1 06:45:19 pkrvm1ymeonnouv systemd: Starting Load Kernel Module drm...
Apr  1 06:45:19 pkrvm1ymeonnouv systemd: Starting Load Kernel Module fuse...
Apr  1 06:45:19 pkrvm1ymeonnouv systemd: Starting Read and set NIS domainname from /etc/sysconfig/network...
Apr  1 06:45:19 pkrvm1ymeonnouv systemd: systemd-fsck-root.service: Deactivated successfully.
Apr  1 06:45:19 pkrvm1ymeonnouv systemd: Stopped File System Check on Root Device.
Apr  1 06:45:19 pkrvm1ymeonnouv systemd: Stopped Journal Service.
Apr  1 06:45:19 pkrvm1ymeonnouv systemd: Starting Journal Service...
Apr  1 06:45:19 pkrvm1ymeonnouv systemd: Starting Load Kernel Modules...
Apr  1 06:45:19 pkrvm1ymeonnouv systemd: Starting Generate network units from Kernel command line...
Apr  1 06:45:19 pkrvm1ymeonnouv systemd: TPM2 PCR Machine ID Measurement was skipped because of an unmet condition check (ConditionPathExists=/sys/firmware/efi/efivars/StubPcrKernelImage-4a67b082-0a4c-41cf-b6c7-440b29bb8c4f).
Apr  1 06:45:19 pkrvm1ymeonnouv systemd: Starting Remount Root and Kernel File Systems...
Apr  1 06:45:19 pkrvm1ymeonnouv systemd: Repartition Root Disk was skipped because no trigger condition checks were met.
Apr  1 06:45:19 pkrvm1ymeonnouv systemd: Starting Coldplug All udev Devices...
Apr  1 06:45:19 pkrvm1ymeonnouv systemd: Mounted Huge Pages File System.
Apr  1 06:45:19 pkrvm1ymeonnouv systemd: Mounted POSIX Message Queue File System.
Apr  1 06:45:19 pkrvm1ymeonnouv systemd: Mounted Kernel Debug File System.
Apr  1 06:45:19 pkrvm1ymeonnouv systemd: Mounted Kernel Trace File System.
Apr  1 06:45:19 pkrvm1ymeonnouv systemd: Finished Generate network units from Kernel command line.
Apr  1 06:45:19 pkrvm1ymeonnouv systemd: Finished Create List of Static Device Nodes.
Apr  1 06:45:19 pkrvm1ymeonnouv systemd: Finished Remount Root and Kernel File Systems.
Apr  1 06:45:19 pkrvm1ymeonnouv systemd: Special handling of early boot iSCSI sessions was skipped because of an unmet condition check (ConditionDirectoryNotEmpty=/sys/class/iscsi_session).
Apr  1 06:45:19 pkrvm1ymeonnouv systemd: Starting First Boot Wizard...
Apr  1 06:45:19 pkrvm1ymeonnouv systemd-journald[663]: Journal started
Apr  1 06:45:19 pkrvm1ymeonnouv systemd-journald[663]: Runtime Journal (/run/log/journal/107c07a347364434bd8500e66ae59b49) is 8.0M, max 2.5G, 2.4G free.
Apr  1 06:45:19 pkrvm1ymeonnouv systemd[1]: Queued start job for default target Multi-User System.
Apr  1 06:45:19 pkrvm1ymeonnouv systemd[1]: systemd-journald.service: Deactivated successfully.
Apr  1 06:45:19 pkrvm1ymeonnouv systemd: Rebuild Hardware Database was skipped because of an unmet condition check (ConditionNeedsUpdate=/etc).
Apr  1 06:45:19 pkrvm1ymeonnouv systemd: Started Journal Service.
Apr  1 06:45:19 pkrvm1ymeonnouv systemd[1]: Finished First Boot Wizard.
Apr  1 06:45:19 pkrvm1ymeonnouv systemd[1]: Create System Users was skipped because no trigger condition checks were met.
Apr  1 06:45:19 pkrvm1ymeonnouv systemd[1]: Starting Create Static Device Nodes in /dev...
Apr  1 06:45:19 pkrvm1ymeonnouv systemd[1]: Finished Read and set NIS domainname from /etc/sysconfig/network.
Apr  1 06:45:19 pkrvm1ymeonnouv systemd[1]: modprobe@configfs.service: Deactivated successfully.
Apr  1 06:45:19 pkrvm1ymeonnouv systemd[1]: Finished Load Kernel Module configfs.
Apr  1 06:45:19 pkrvm1ymeonnouv systemd-modules-load[664]: Module 'msr' is built in
Apr  1 06:45:19 pkrvm1ymeonnouv systemd[1]: Mounting Kernel Configuration File System...
Apr  1 06:45:19 pkrvm1ymeonnouv systemd[1]: Finished Load Kernel Modules.
Apr  1 06:45:19 pkrvm1ymeonnouv systemd[1]: Mounted Kernel Configuration File System.
Apr  1 06:45:19 pkrvm1ymeonnouv systemd[1]: Starting Apply Kernel Variables...
Apr  1 06:45:19 pkrvm1ymeonnouv systemd[1]: Finished Coldplug All udev Devices.
Apr  1 06:45:19 pkrvm1ymeonnouv systemd[1]: Starting Wait for udev To Complete Device Initialization...
Apr  1 06:45:19 pkrvm1ymeonnouv udevadm[677]: systemd-udev-settle.service is deprecated. Please fix multipathd.service not to pull it in.
Apr  1 06:45:19 pkrvm1ymeonnouv kernel: ACPI: bus type drm_connector registered
Apr  1 06:45:19 pkrvm1ymeonnouv systemd[1]: modprobe@drm.service: Deactivated successfully.
Apr  1 06:45:19 pkrvm1ymeonnouv systemd[1]: Finished Load Kernel Module drm.
Apr  1 06:45:19 pkrvm1ymeonnouv systemd[1]: Finished Apply Kernel Variables.
Apr  1 06:45:19 pkrvm1ymeonnouv kernel: fuse: init (API version 7.36)
Apr  1 06:45:19 pkrvm1ymeonnouv systemd[1]: modprobe@fuse.service: Deactivated successfully.
Apr  1 06:45:19 pkrvm1ymeonnouv systemd[1]: Finished Load Kernel Module fuse.
Apr  1 06:45:19 pkrvm1ymeonnouv lvm[658]:  5 logical volume(s) in volume group "rootvg" monitored
Apr  1 06:45:19 pkrvm1ymeonnouv systemd[1]: Finished Monitoring of LVM2 mirrors, snapshots etc. using dmeventd or progress polling.
Apr  1 06:45:19 pkrvm1ymeonnouv systemd[1]: Finished Create Static Device Nodes in /dev.
Apr  1 06:45:19 pkrvm1ymeonnouv systemd[1]: Starting Rule-based Manager for Device Events and Files...
Apr  1 06:45:19 pkrvm1ymeonnouv systemd-udevd[678]: Using default interface naming scheme 'rhel-9.0'.
Apr  1 06:45:20 pkrvm1ymeonnouv systemd[1]: Started Rule-based Manager for Device Events and Files.
Apr  1 06:45:20 pkrvm1ymeonnouv systemd[1]: Auto-connect to subsystems on FC-NVME devices found during boot was skipped because of an unmet condition check (ConditionPathExists=/sys/class/fc/fc_udev_device/nvme_discovery).
Apr  1 06:45:20 pkrvm1ymeonnouv systemd[1]: Starting Load Kernel Module configfs...
Apr  1 06:45:20 pkrvm1ymeonnouv systemd[1]: modprobe@configfs.service: Deactivated successfully.
Apr  1 06:45:20 pkrvm1ymeonnouv systemd[1]: Finished Load Kernel Module configfs.
Apr  1 06:45:20 pkrvm1ymeonnouv systemd[1]: Condition check resulted in /dev/ttyS0 being skipped.
Apr  1 06:45:20 pkrvm1ymeonnouv kernel: hv_vmbus: registering driver hv_balloon
Apr  1 06:45:20 pkrvm1ymeonnouv kernel: hv_balloon: Using Dynamic Memory protocol version 2.0
Apr  1 06:45:20 pkrvm1ymeonnouv kernel: hv_utils: Registering HyperV Utility Driver
Apr  1 06:45:20 pkrvm1ymeonnouv kernel: hv_vmbus: registering driver hv_utils
Apr  1 06:45:20 pkrvm1ymeonnouv kernel: hv_utils: Heartbeat IC version 3.0
Apr  1 06:45:20 pkrvm1ymeonnouv kernel: hv_utils: Shutdown IC version 3.2
Apr  1 06:45:20 pkrvm1ymeonnouv kernel: hv_utils: TimeSync IC version 4.0
Apr  1 06:45:20 pkrvm1ymeonnouv kernel: piix4_smbus 0000:00:07.3: SMBus base address uninitialized - upgrade BIOS or use force_addr=0xaddr
Apr  1 06:45:20 pkrvm1ymeonnouv systemd[1]: Mounting FUSE Control File System...
Apr  1 06:45:20 pkrvm1ymeonnouv systemd[1]: Mounted FUSE Control File System.
Apr  1 06:45:20 pkrvm1ymeonnouv kernel: RAPL PMU: API unit is 2^-32 Joules, 0 fixed counters, 10737418240 ms ovfl timer
Apr  1 06:45:20 pkrvm1ymeonnouv kernel: input: PC Speaker as /devices/platform/pcspkr/input/input6
Apr  1 06:45:21 pkrvm1ymeonnouv systemd[1]: Special handling of early boot iSCSI sessions was skipped because of an unmet condition check (ConditionDirectoryNotEmpty=/sys/class/iscsi_session).
Apr  1 06:45:21 pkrvm1ymeonnouv systemd[1]: Rebuild Hardware Database was skipped because of an unmet condition check (ConditionNeedsUpdate=/etc).
Apr  1 06:45:21 pkrvm1ymeonnouv systemd[1]: TPM2 PCR Machine ID Measurement was skipped because of an unmet condition check (ConditionPathExists=/sys/firmware/efi/efivars/StubPcrKernelImage-4a67b082-0a4c-41cf-b6c7-440b29bb8c4f).
Apr  1 06:45:21 pkrvm1ymeonnouv systemd[1]: Repartition Root Disk was skipped because no trigger condition checks were met.
Apr  1 06:45:21 pkrvm1ymeonnouv systemd[1]: Create System Users was skipped because no trigger condition checks were met.
Apr  1 06:45:21 pkrvm1ymeonnouv systemd-udevd[704]: id: Truncating stdout of 'dmi_memory_id' up to 16384 byte.
Apr  1 06:45:21 pkrvm1ymeonnouv systemd[1]: Condition check resulted in Virtual_Disk EFI\x20System\x20Partition being skipped.
Apr  1 06:45:21 pkrvm1ymeonnouv systemd-udevd[700]: Network interface NamePolicy= disabled on kernel command line.
Apr  1 06:45:21 pkrvm1ymeonnouv systemd[1]: Condition check resulted in Virtual_Disk boot being skipped.
Apr  1 06:45:21 pkrvm1ymeonnouv kernel: hv_vmbus: registering driver hyperv_drm
Apr  1 06:45:21 pkrvm1ymeonnouv kernel: hyperv_drm 5620e0c7-8062-4dce-aeb7-520c7ef76171: [drm] Synthvid Version major 3, minor 5
Apr  1 06:45:21 pkrvm1ymeonnouv kernel: [drm] Initialized hyperv_drm 1.0.0 2020 for 5620e0c7-8062-4dce-aeb7-520c7ef76171 on minor 0
Apr  1 06:45:21 pkrvm1ymeonnouv lvm[732]: PV /dev/sda4 online, VG rootvg is complete.
Apr  1 06:45:21 pkrvm1ymeonnouv kernel: kvm_intel: Using Hyper-V Enlightened VMCS
Apr  1 06:45:21 pkrvm1ymeonnouv systemd[1]: Started /usr/sbin/lvm vgchange -aay --autoactivation event rootvg.
Apr  1 06:45:21 pkrvm1ymeonnouv lvm[740]:  5 logical volume(s) in volume group "rootvg" now active
Apr  1 06:45:21 pkrvm1ymeonnouv kernel: Console: switching to colour frame buffer device 128x48
Apr  1 06:45:21 pkrvm1ymeonnouv kernel: hyperv_drm 5620e0c7-8062-4dce-aeb7-520c7ef76171: [drm] fb0: hyperv_drmdrmfb frame buffer device
Apr  1 06:45:21 pkrvm1ymeonnouv systemd[1]: lvm-activate-rootvg.service: Deactivated successfully.
Apr  1 06:45:22 pkrvm1ymeonnouv systemd[1]: Finished Wait for udev To Complete Device Initialization.
Apr  1 06:45:22 pkrvm1ymeonnouv systemd[1]: Device-Mapper Multipath Device Controller was skipped because of an unmet condition check (ConditionPathExists=/etc/multipath.conf).
Apr  1 06:45:22 pkrvm1ymeonnouv systemd[1]: Reached target Preparation for Local File Systems.
Apr  1 06:45:22 pkrvm1ymeonnouv systemd[1]: Mounting /boot...
Apr  1 06:45:22 pkrvm1ymeonnouv systemd[1]: Mounting /home...
Apr  1 06:45:22 pkrvm1ymeonnouv kernel: XFS (sda2): Mounting V5 Filesystem 7e721891-6535-45b5-8f5f-31008df3f70a
Apr  1 06:45:22 pkrvm1ymeonnouv systemd[1]: Mounting /tmp...
Apr  1 06:45:22 pkrvm1ymeonnouv kernel: XFS (dm-2): Mounting V5 Filesystem 1cc4e29d-f7ad-4a12-9c7a-8354f1d5b57c
Apr  1 06:45:22 pkrvm1ymeonnouv systemd[1]: Mounting /var...
Apr  1 06:45:22 pkrvm1ymeonnouv kernel: XFS (dm-0): Mounting V5 Filesystem 0baa8ae9-e751-490a-ab37-37e1cb1fd468
Apr  1 06:45:22 pkrvm1ymeonnouv systemd[1]: Starting File System Check on /dev/disk/by-uuid/2627-E70D...
Apr  1 06:45:22 pkrvm1ymeonnouv kernel: XFS (dm-3): Mounting V5 Filesystem daed89be-ae50-46a1-ab26-bd95f06254d3
Apr  1 06:45:22 pkrvm1ymeonnouv kernel: XFS (dm-2): Ending clean mount
Apr  1 06:45:22 pkrvm1ymeonnouv systemd[1]: Mounted /home.
Apr  1 06:45:22 pkrvm1ymeonnouv kernel: XFS (sda2): Ending clean mount
Apr  1 06:45:22 pkrvm1ymeonnouv systemd[1]: Mounted /boot.
Apr  1 06:45:22 pkrvm1ymeonnouv systemd-fsck[794]: fsck.fat 4.2 (2021-01-31)
Apr  1 06:45:22 pkrvm1ymeonnouv systemd-fsck[794]: /dev/sda1: 13 files, 1800/51140 clusters
Apr  1 06:45:22 pkrvm1ymeonnouv systemd[1]: Finished File System Check on /dev/disk/by-uuid/2627-E70D.
Apr  1 06:45:22 pkrvm1ymeonnouv systemd[1]: Mounting /boot/efi...
Apr  1 06:45:22 pkrvm1ymeonnouv kernel: XFS (dm-0): Ending clean mount
Apr  1 06:45:22 pkrvm1ymeonnouv systemd[1]: Mounted /tmp.
Apr  1 06:45:22 pkrvm1ymeonnouv systemd[1]: Mounted /boot/efi.
Apr  1 06:45:22 pkrvm1ymeonnouv kernel: XFS (dm-3): Ending clean mount
Apr  1 06:45:22 pkrvm1ymeonnouv systemd[1]: Mounted /var.
Apr  1 06:45:22 pkrvm1ymeonnouv systemd[1]: Reached target Local File Systems.
Apr  1 06:45:22 pkrvm1ymeonnouv systemd[1]: iscsi-starter.service was skipped because of an unmet condition check (ConditionDirectoryNotEmpty=/var/lib/iscsi/nodes).
Apr  1 06:45:22 pkrvm1ymeonnouv systemd[1]: Rebuild Dynamic Linker Cache was skipped because no trigger condition checks were met.
Apr  1 06:45:22 pkrvm1ymeonnouv systemd[1]: Mark the need to relabel after reboot was skipped because of an unmet condition check (ConditionSecurity=!selinux).
Apr  1 06:45:22 pkrvm1ymeonnouv systemd[1]: Set Up Additional Binary Formats was skipped because no trigger condition checks were met.
Apr  1 06:45:22 pkrvm1ymeonnouv systemd[1]: Starting Automatic Boot Loader Update...
Apr  1 06:45:22 pkrvm1ymeonnouv systemd[1]: Starting Flush Journal to Persistent Storage...
Apr  1 06:45:22 pkrvm1ymeonnouv systemd[1]: Starting Load/Save OS Random Seed...
Apr  1 06:45:23 pkrvm1ymeonnouv systemd[1]: Finished Automatic Boot Loader Update.
Apr  1 06:45:23 pkrvm1ymeonnouv systemd-journald[663]: Runtime Journal (/run/log/journal/107c07a347364434bd8500e66ae59b49) is 8.0M, max 2.5G, 2.4G free.
Apr  1 06:45:23 pkrvm1ymeonnouv systemd-journald[663]: Received client request to flush runtime journal.
Apr  1 06:45:23 pkrvm1ymeonnouv systemd[1]: Finished Load/Save OS Random Seed.
Apr  1 06:45:23 pkrvm1ymeonnouv systemd[1]: Reached target First Boot Complete.
Apr  1 06:45:23 pkrvm1ymeonnouv systemd[1]: Update Boot Loader Random Seed was skipped because no trigger condition checks were met.
Apr  1 06:45:23 pkrvm1ymeonnouv systemd[1]: Starting Commit a transient machine-id on disk...
Apr  1 06:45:23 pkrvm1ymeonnouv systemd[1]: Finished Flush Journal to Persistent Storage.
Apr  1 06:45:23 pkrvm1ymeonnouv systemd[1]: Starting Create Volatile Files and Directories...
Apr  1 06:45:23 pkrvm1ymeonnouv systemd[1]: Finished Commit a transient machine-id on disk.
Apr  1 06:45:23 pkrvm1ymeonnouv systemd[1]: Finished Create Volatile Files and Directories.
Apr  1 06:45:23 pkrvm1ymeonnouv systemd[1]: Starting Security Auditing Service...
Apr  1 06:45:23 pkrvm1ymeonnouv systemd[1]: Rebuild Journal Catalog was skipped because of an unmet condition check (ConditionNeedsUpdate=/var).
Apr  1 06:45:23 pkrvm1ymeonnouv systemd[1]: Starting Network Name Resolution...
Apr  1 06:45:23 pkrvm1ymeonnouv systemd[1]: Update is Completed was skipped because no trigger condition checks were met.
Apr  1 06:45:23 pkrvm1ymeonnouv auditd[806]: audit dispatcher initialized with q_depth=2000 and 1 active plugins
Apr  1 06:45:23 pkrvm1ymeonnouv auditd[806]: Init complete, auditd 3.1.2 listening for events (startup state enable)
Apr  1 06:45:23 pkrvm1ymeonnouv systemd-resolved[805]: Positive Trust Anchors:
Apr  1 06:45:23 pkrvm1ymeonnouv systemd-resolved[805]: . IN DS 20326 8 2 e06d44b80b8f1d39a95c0b0d7c65d08458e880409bbc683457104237c7f8ec8d
Apr  1 06:45:23 pkrvm1ymeonnouv systemd-resolved[805]: Negative trust anchors: home.arpa 10.in-addr.arpa 16.172.in-addr.arpa 17.172.in-addr.arpa 18.172.in-addr.arpa 19.172.in-addr.arpa 20.172.in-addr.arpa 21.172.in-addr.arpa 22.172.in-addr.arpa 23.172.in-addr.arpa 24.172.in-addr.arpa 25.172.in-addr.arpa 26.172.in-addr.arpa 27.172.in-addr.arpa 28.172.in-addr.arpa 29.172.in-addr.arpa 30.172.in-addr.arpa 31.172.in-addr.arpa 168.192.in-addr.arpa d.f.ip6.arpa corp home internal intranet lan local private test
Apr  1 06:45:23 pkrvm1ymeonnouv systemd[1]: etc-machine\x2did.mount: Deactivated successfully.
Apr  1 06:45:23 pkrvm1ymeonnouv systemd-resolved[805]: Defaulting to hostname 'linux'.
Apr  1 06:45:23 pkrvm1ymeonnouv systemd[1]: Started Network Name Resolution.
Apr  1 06:45:23 pkrvm1ymeonnouv augenrules[811]: /sbin/augenrules: No change
Apr  1 06:45:23 pkrvm1ymeonnouv systemd[1]: Reached target Host and Network Name Lookups.
Apr  1 06:45:23 pkrvm1ymeonnouv augenrules[821]: No rules
Apr  1 06:45:23 pkrvm1ymeonnouv augenrules[821]: enabled 1
Apr  1 06:45:23 pkrvm1ymeonnouv augenrules[821]: failure 1
Apr  1 06:45:23 pkrvm1ymeonnouv augenrules[821]: pid 806
Apr  1 06:45:23 pkrvm1ymeonnouv augenrules[821]: rate_limit 0
Apr  1 06:45:23 pkrvm1ymeonnouv augenrules[821]: backlog_limit 8192
Apr  1 06:45:23 pkrvm1ymeonnouv augenrules[821]: lost 0
Apr  1 06:45:23 pkrvm1ymeonnouv augenrules[821]: backlog 2
Apr  1 06:45:23 pkrvm1ymeonnouv augenrules[821]: backlog_wait_time 60000
Apr  1 06:45:23 pkrvm1ymeonnouv augenrules[821]: backlog_wait_time_actual 0
Apr  1 06:45:23 pkrvm1ymeonnouv augenrules[821]: enabled 1
Apr  1 06:45:23 pkrvm1ymeonnouv augenrules[821]: failure 1
Apr  1 06:45:23 pkrvm1ymeonnouv augenrules[821]: pid 806
Apr  1 06:45:23 pkrvm1ymeonnouv augenrules[821]: rate_limit 0
Apr  1 06:45:23 pkrvm1ymeonnouv augenrules[821]: backlog_limit 8192
Apr  1 06:45:23 pkrvm1ymeonnouv augenrules[821]: lost 0
Apr  1 06:45:23 pkrvm1ymeonnouv augenrules[821]: backlog 0
Apr  1 06:45:23 pkrvm1ymeonnouv augenrules[821]: backlog_wait_time 60000
Apr  1 06:45:23 pkrvm1ymeonnouv augenrules[821]: backlog_wait_time_actual 0
Apr  1 06:45:23 pkrvm1ymeonnouv augenrules[821]: enabled 1
Apr  1 06:45:23 pkrvm1ymeonnouv augenrules[821]: failure 1
Apr  1 06:45:23 pkrvm1ymeonnouv augenrules[821]: pid 806
Apr  1 06:45:23 pkrvm1ymeonnouv augenrules[821]: rate_limit 0
Apr  1 06:45:23 pkrvm1ymeonnouv augenrules[821]: backlog_limit 8192
Apr  1 06:45:23 pkrvm1ymeonnouv augenrules[821]: lost 0
Apr  1 06:45:23 pkrvm1ymeonnouv augenrules[821]: backlog 0
Apr  1 06:45:23 pkrvm1ymeonnouv augenrules[821]: backlog_wait_time 60000
Apr  1 06:45:23 pkrvm1ymeonnouv augenrules[821]: backlog_wait_time_actual 0
Apr  1 06:45:23 pkrvm1ymeonnouv systemd[1]: Started Security Auditing Service.
Apr  1 06:45:23 pkrvm1ymeonnouv systemd[1]: Starting Record System Boot/Shutdown in UTMP...
Apr  1 06:45:23 pkrvm1ymeonnouv systemd[1]: Finished Record System Boot/Shutdown in UTMP.
Apr  1 06:45:23 pkrvm1ymeonnouv systemd[1]: Reached target System Initialization.
Apr  1 06:45:23 pkrvm1ymeonnouv systemd[1]: Started dnf makecache --timer.
Apr  1 06:45:23 pkrvm1ymeonnouv systemd[1]: Started Daily rotation of log files.
Apr  1 06:45:23 pkrvm1ymeonnouv systemd[1]: Started Updates mlocate database every day.
Apr  1 06:45:23 pkrvm1ymeonnouv systemd[1]: Started Daily Cleanup of Temporary Directories.
Apr  1 06:45:23 pkrvm1ymeonnouv systemd[1]: Started Fetch latest client package from MS RHUI.
Apr  1 06:45:23 pkrvm1ymeonnouv systemd[1]: Reached target Timer Units.
Apr  1 06:45:23 pkrvm1ymeonnouv systemd[1]: Listening on D-Bus System Message Bus Socket.
Apr  1 06:45:23 pkrvm1ymeonnouv systemd[1]: Listening on Open-iSCSI iscsid Socket.
Apr  1 06:45:23 pkrvm1ymeonnouv systemd[1]: Listening on Open-iSCSI iscsiuio Socket.
Apr  1 06:45:23 pkrvm1ymeonnouv systemd[1]: Listening on SSSD Kerberos Cache Manager responder socket.
Apr  1 06:45:23 pkrvm1ymeonnouv systemd[1]: Reached target Socket Units.
Apr  1 06:45:23 pkrvm1ymeonnouv systemd[1]: Starting D-Bus System Message Bus...
Apr  1 06:45:23 pkrvm1ymeonnouv systemd[1]: TPM2 PCR Barrier (Initialization) was skipped because of an unmet condition check (ConditionPathExists=/sys/firmware/efi/efivars/StubPcrKernelImage-4a67b082-0a4c-41cf-b6c7-440b29bb8c4f).
Apr  1 06:45:24 pkrvm1ymeonnouv systemd[1]: Started D-Bus System Message Bus.
Apr  1 06:45:24 pkrvm1ymeonnouv systemd[1]: Reached target Basic System.
Apr  1 06:45:24 pkrvm1ymeonnouv systemd[1]: Starting NTP client/server...
Apr  1 06:45:24 pkrvm1ymeonnouv systemd[1]: Starting Restore /run/initramfs on shutdown...
Apr  1 06:45:24 pkrvm1ymeonnouv dbus-broker-lau[829]: Ready
Apr  1 06:45:24 pkrvm1ymeonnouv systemd[1]: Starting firewalld - dynamic firewall daemon...
Apr  1 06:45:24 pkrvm1ymeonnouv systemd[1]: Started Hyper-V KVP daemon.
Apr  1 06:45:24 pkrvm1ymeonnouv systemd[1]: Starting Initial cloud-init job (pre-networking)...
Apr  1 06:45:24 pkrvm1ymeonnouv systemd[1]: Started irqbalance daemon.
Apr  1 06:45:24 pkrvm1ymeonnouv systemd[1]: Started libstoragemgmt plug-in server daemon.
Apr  1 06:45:24 pkrvm1ymeonnouv systemd[1]: Starting man-db-restart-cache-update.service...
Apr  1 06:45:24 pkrvm1ymeonnouv KVP[834]: KVP starting; pid is:834
Apr  1 06:45:24 pkrvm1ymeonnouv systemd[1]: Started Machine Check Exception Logging Daemon.
Apr  1 06:45:24 pkrvm1ymeonnouv systemd[1]: Software RAID monitoring and management was skipped because of an unmet condition check (ConditionPathExists=/etc/mdadm.conf).
Apr  1 06:45:24 pkrvm1ymeonnouv systemd[1]: Started Hardware RNG Entropy Gatherer Daemon.
Apr  1 06:45:24 pkrvm1ymeonnouv systemd[1]: Self Monitoring and Reporting Technology (SMART) Daemon was skipped because of an unmet condition check (ConditionVirtualization=no).
Apr  1 06:45:24 pkrvm1ymeonnouv systemd[1]: OpenSSH ecdsa Server Key Generation was skipped because of an unmet condition check (ConditionPathExists=!/run/systemd/generator.early/multi-user.target.wants/cloud-init.target).
Apr  1 06:45:24 pkrvm1ymeonnouv systemd[1]: OpenSSH ed25519 Server Key Generation was skipped because of an unmet condition check (ConditionPathExists=!/run/systemd/generator.early/multi-user.target.wants/cloud-init.target).
Apr  1 06:45:24 pkrvm1ymeonnouv systemd[1]: OpenSSH rsa Server Key Generation was skipped because of an unmet condition check (ConditionPathExists=!/run/systemd/generator.early/multi-user.target.wants/cloud-init.target).
Apr  1 06:45:24 pkrvm1ymeonnouv systemd[1]: Reached target sshd-keygen.target.
Apr  1 06:45:24 pkrvm1ymeonnouv systemd[1]: System Security Services Daemon was skipped because no trigger condition checks were met.
Apr  1 06:45:24 pkrvm1ymeonnouv systemd[1]: Reached target User and Group Name Lookups.
Apr  1 06:45:24 pkrvm1ymeonnouv KVP[834]: KVP LIC Version: 3.1
Apr  1 06:45:24 pkrvm1ymeonnouv kernel: hv_utils: KVP IC version 4.0
Apr  1 06:45:24 pkrvm1ymeonnouv systemd[1]: Starting User Login Management...
Apr  1 06:45:24 pkrvm1ymeonnouv systemd[1]: TPM2 PCR Barrier (User) was skipped because of an unmet condition check (ConditionPathExists=/sys/firmware/efi/efivars/StubPcrKernelImage-4a67b082-0a4c-41cf-b6c7-440b29bb8c4f).
Apr  1 06:45:24 pkrvm1ymeonnouv systemd[1]: Finished Restore /run/initramfs on shutdown.
Apr  1 06:45:24 pkrvm1ymeonnouv systemd[1]: Started /usr/bin/systemctl start man-db-cache-update.service.
Apr  1 06:45:24 pkrvm1ymeonnouv systemd-run[843]: Running as unit: run-rdaf07cb50d0c4ec388e28f6fb2c40832.service
Apr  1 06:45:24 pkrvm1ymeonnouv systemd[1]: Starting man-db-cache-update.service...
Apr  1 06:45:24 pkrvm1ymeonnouv systemctl[845]: Removed "/etc/systemd/system/multi-user.target.wants/man-db-restart-cache-update.service".
Apr  1 06:45:24 pkrvm1ymeonnouv systemd[1]: Reloading.
Apr  1 06:45:24 pkrvm1ymeonnouv systemd-logind[841]: New seat seat0.
Apr  1 06:45:24 pkrvm1ymeonnouv systemd-logind[841]: Watching system buttons on /dev/input/event0 (Power Button)
Apr  1 06:45:24 pkrvm1ymeonnouv systemd-logind[841]: Watching system buttons on /dev/input/event4 (AT Translated Set 2 keyboard)
Apr  1 06:45:24 pkrvm1ymeonnouv systemd-logind[841]: Watching system buttons on /dev/input/event1 (AT Translated Set 2 keyboard)
Apr  1 06:45:24 pkrvm1ymeonnouv systemd-rc-local-generator: /etc/rc.d/rc.local is not marked executable, skipping.
Apr  1 06:45:25 pkrvm1ymeonnouv systemd[1]: Started User Login Management.
Apr  1 06:45:25 pkrvm1ymeonnouv systemd[1]: man-db-restart-cache-update.service: Deactivated successfully.
Apr  1 06:45:25 pkrvm1ymeonnouv systemd[1]: Finished man-db-restart-cache-update.service.
Apr  1 06:45:25 pkrvm1ymeonnouv chronyd[877]: chronyd version 4.5 starting (+CMDMON +NTP +REFCLOCK +RTC +PRIVDROP +SCFILTER +SIGND +ASYNCDNS +NTS +SECHASH +IPV6 +DEBUG)
Apr  1 06:45:25 pkrvm1ymeonnouv chronyd[877]: Loaded 0 symmetric keys
Apr  1 06:45:25 pkrvm1ymeonnouv chronyd[877]: Frequency -16.152 +/- 1.391 ppm read from /var/lib/chrony/drift
Apr  1 06:45:25 pkrvm1ymeonnouv chronyd[877]: Using right/UTC timezone to obtain leap second data
Apr  1 06:45:25 pkrvm1ymeonnouv chronyd[877]: Loaded seccomp filter (level 2)
Apr  1 06:45:25 pkrvm1ymeonnouv systemd[1]: Started NTP client/server.
Apr  1 06:45:25 pkrvm1ymeonnouv rngd[840]: Disabling 7: PKCS11 Entropy generator (pkcs11)
Apr  1 06:45:25 pkrvm1ymeonnouv rngd[840]: Disabling 5: NIST Network Entropy Beacon (nist)
Apr  1 06:45:25 pkrvm1ymeonnouv rngd[840]: Disabling 9: Qrypt quantum entropy beacon (qrypt)
Apr  1 06:45:25 pkrvm1ymeonnouv rngd[840]: Initializing available sources
Apr  1 06:45:25 pkrvm1ymeonnouv rngd[840]: [hwrng ]: Initialization Failed
Apr  1 06:45:25 pkrvm1ymeonnouv rngd[840]: [rdrand]: Enabling RDSEED rng support
Apr  1 06:45:25 pkrvm1ymeonnouv rngd[840]: [rdrand]: Initialized
Apr  1 06:45:25 pkrvm1ymeonnouv rngd[840]: [jitter]: JITTER timeout set to 5 sec
Apr  1 06:45:25 pkrvm1ymeonnouv rngd[840]: [jitter]: Initializing AES buffer
Apr  1 06:45:26 pkrvm1ymeonnouv systemd[1]: Started firewalld - dynamic firewall daemon.
Apr  1 06:45:27 pkrvm1ymeonnouv kernel: Warning: Unmaintained driver is detected: ip_set
Apr  1 06:45:27 pkrvm1ymeonnouv cloud-init[1905]: Cloud-init v. 23.4-7.el9_4.11 running 'init-local' at Tue, 01 Apr 2025 06:45:27 +0000. Up 18.01 seconds.
Apr  1 06:45:28 pkrvm1ymeonnouv kernel: Warning: Unmaintained driver is detected: nft_compat
Apr  1 06:45:28 pkrvm1ymeonnouv kernel: UDF-fs: INFO Mounting volume 'UDF Volume', timestamp 2025/04/02 00:00 (1000)
Apr  1 06:45:28 pkrvm1ymeonnouv systemd[1]: run-cloud\x2dinit-tmp-tmp3s4ka1pj.mount: Deactivated successfully.
Apr  1 06:45:28 pkrvm1ymeonnouv systemd[1]: Starting Authorization Manager...
Apr  1 06:45:28 pkrvm1ymeonnouv kernel: IPv6: ADDRCONF(NETDEV_CHANGE): eth0: link becomes ready
Apr  1 06:45:28 pkrvm1ymeonnouv dhclient[2317]: Internet Systems Consortium DHCP Client 4.4.2b1
Apr  1 06:45:28 pkrvm1ymeonnouv dhclient[2317]: Copyright 2004-2019 Internet Systems Consortium.
Apr  1 06:45:28 pkrvm1ymeonnouv dhclient[2317]: All rights reserved.
Apr  1 06:45:28 pkrvm1ymeonnouv dhclient[2317]: For info, please visit https://www.isc.org/software/dhcp/
Apr  1 06:45:28 pkrvm1ymeonnouv dhclient[2317]: 
Apr  1 06:45:28 pkrvm1ymeonnouv dhclient[2317]: Listening on LPF/eth0/7c:1e:52:3e:c2:dc
Apr  1 06:45:28 pkrvm1ymeonnouv dhclient[2317]: Sending on   LPF/eth0/7c:1e:52:3e:c2:dc
Apr  1 06:45:28 pkrvm1ymeonnouv dhclient[2317]: Sending on   Socket/fallback
Apr  1 06:45:28 pkrvm1ymeonnouv dhclient[2317]: DHCPDISCOVER on eth0 to 255.255.255.255 port 67 interval 7 (xid=0x99780e0b)
Apr  1 06:45:28 pkrvm1ymeonnouv dhclient[2317]: DHCPOFFER of 10.0.0.4 from 168.63.129.16
Apr  1 06:45:28 pkrvm1ymeonnouv dhclient[2317]: DHCPREQUEST for 10.0.0.4 on eth0 to 255.255.255.255 port 67 (xid=0x99780e0b)
Apr  1 06:45:28 pkrvm1ymeonnouv dhclient[2317]: DHCPACK of 10.0.0.4 from 168.63.129.16 (xid=0x99780e0b)
Apr  1 06:45:28 pkrvm1ymeonnouv dhclient[2317]: Timeout too large reducing to: 2147483646 (TIME_MAX - 1)
Apr  1 06:45:28 pkrvm1ymeonnouv dhclient[2317]: bound to 10.0.0.4 -- renewal in 4294967295 seconds.
Apr  1 06:45:28 pkrvm1ymeonnouv polkitd[2273]: Started polkitd version 0.117
Apr  1 06:45:28 pkrvm1ymeonnouv systemd[1]: Starting Hostname Service...
Apr  1 06:45:28 pkrvm1ymeonnouv systemd[1]: Started Authorization Manager.
Apr  1 06:45:29 pkrvm1ymeonnouv systemd[1]: Started Hostname Service.
Apr  1 06:45:29 pkrvm1ymeonnouv systemd-hostnamed[2609]: Hostname set to <pkrvm1ymeonnouv> (static)
Apr  1 06:45:29 pkrvm1ymeonnouv systemd-resolved[805]: System hostname changed to 'pkrvm1ymeonnouv'.
Apr  1 06:45:29 pkrvm1ymeonnouv systemd[1]: Finished Initial cloud-init job (pre-networking).
Apr  1 06:45:29 pkrvm1ymeonnouv systemd[1]: Reached target Preparation for Network.
Apr  1 06:45:29 pkrvm1ymeonnouv systemd[1]: Starting Network Manager...
Apr  1 06:45:29 pkrvm1ymeonnouv NetworkManager[2776]: <info>  [1743489929.3948] NetworkManager (version 1.46.0-4.el9_4) is starting... (boot:6f156f01-5e8f-47f3-917a-7d88ab5f19ab)
Apr  1 06:45:29 pkrvm1ymeonnouv NetworkManager[2776]: <info>  [1743489929.3953] Read config: /etc/NetworkManager/NetworkManager.conf (run: 15-carrier-timeout.conf) (etc: 99-azure-unmanaged-devices.conf)
Apr  1 06:45:29 pkrvm1ymeonnouv NetworkManager[2776]: <info>  [1743489929.4301] manager[0x55683c7e1080]: monitoring kernel firmware directory '/lib/firmware'.
Apr  1 06:45:29 pkrvm1ymeonnouv NetworkManager[2776]: <info>  [1743489929.4419] hostname: hostname: using hostnamed
Apr  1 06:45:29 pkrvm1ymeonnouv NetworkManager[2776]: <info>  [1743489929.4420] hostname: static hostname changed from (none) to "pkrvm1ymeonnouv"
Apr  1 06:45:29 pkrvm1ymeonnouv NetworkManager[2776]: <info>  [1743489929.4498] dns-mgr: init: dns=default,systemd-resolved rc-manager=symlink (auto)
Apr  1 06:45:29 pkrvm1ymeonnouv NetworkManager[2776]: <info>  [1743489929.4872] manager[0x55683c7e1080]: rfkill: Wi-Fi hardware radio set enabled
Apr  1 06:45:29 pkrvm1ymeonnouv NetworkManager[2776]: <info>  [1743489929.4873] manager[0x55683c7e1080]: rfkill: WWAN hardware radio set enabled
Apr  1 06:45:29 pkrvm1ymeonnouv systemd[1]: Listening on Load/Save RF Kill Switch Status /dev/rfkill Watch.
Apr  1 06:45:29 pkrvm1ymeonnouv NetworkManager[2776]: <info>  [1743489929.5832] Loaded device plugin: NMTeamFactory (/usr/lib64/NetworkManager/1.46.0-4.el9_4/libnm-device-plugin-team.so)
Apr  1 06:45:29 pkrvm1ymeonnouv NetworkManager[2776]: <info>  [1743489929.5832] manager: rfkill: Wi-Fi enabled by radio killswitch; enabled by state file
Apr  1 06:45:29 pkrvm1ymeonnouv NetworkManager[2776]: <info>  [1743489929.5874] manager: rfkill: WWAN enabled by radio killswitch; enabled by state file
Apr  1 06:45:29 pkrvm1ymeonnouv NetworkManager[2776]: <info>  [1743489929.5875] manager: Networking is enabled by state file
Apr  1 06:45:29 pkrvm1ymeonnouv NetworkManager[2776]: <info>  [1743489929.5962] settings: Loaded settings plugin: keyfile (internal)
Apr  1 06:45:29 pkrvm1ymeonnouv systemd[1]: Starting Network Manager Script Dispatcher Service...
Apr  1 06:45:29 pkrvm1ymeonnouv NetworkManager[2776]: <info>  [1743489929.6090] settings: Loaded settings plugin: ifcfg-rh ("/usr/lib64/NetworkManager/1.46.0-4.el9_4/libnm-settings-plugin-ifcfg-rh.so")
Apr  1 06:45:29 pkrvm1ymeonnouv NetworkManager[2776]: <info>  [1743489929.6114] Warning: the ifcfg-rh plugin is deprecated, please migrate connections to the keyfile format using "nmcli connection migrate"
Apr  1 06:45:29 pkrvm1ymeonnouv NetworkManager[2776]: <info>  [1743489929.6130] dhcp: init: Using DHCP client 'dhclient'
Apr  1 06:45:29 pkrvm1ymeonnouv NetworkManager[2776]: <info>  [1743489929.6135] manager: (lo): new Loopback device (/org/freedesktop/NetworkManager/Devices/1)
Apr  1 06:45:29 pkrvm1ymeonnouv NetworkManager[2776]: <info>  [1743489929.6153] device (lo): state change: unmanaged -> unavailable (reason 'connection-assumed', sys-iface-state: 'external')
Apr  1 06:45:29 pkrvm1ymeonnouv NetworkManager[2776]: <info>  [1743489929.6162] device (lo): state change: unavailable -> disconnected (reason 'connection-assumed', sys-iface-state: 'external')
Apr  1 06:45:29 pkrvm1ymeonnouv NetworkManager[2776]: <info>  [1743489929.6174] device (lo): Activation: starting connection 'lo' (d52a4f1b-ba9d-4f94-837f-a60a305dacb0)
Apr  1 06:45:29 pkrvm1ymeonnouv NetworkManager[2776]: <info>  [1743489929.6187] manager: (eth0): new Ethernet device (/org/freedesktop/NetworkManager/Devices/2)
Apr  1 06:45:29 pkrvm1ymeonnouv NetworkManager[2776]: <info>  [1743489929.6193] device (eth0): state change: unmanaged -> unavailable (reason 'managed', sys-iface-state: 'external')
Apr  1 06:45:29 pkrvm1ymeonnouv systemd[1]: Started Network Manager.
Apr  1 06:45:29 pkrvm1ymeonnouv systemd[1]: Reached target Network.
Apr  1 06:45:29 pkrvm1ymeonnouv NetworkManager[2776]: <info>  [1743489929.6303] bus-manager: acquired D-Bus service "org.freedesktop.NetworkManager"
Apr  1 06:45:29 pkrvm1ymeonnouv NetworkManager[2776]: <info>  [1743489929.6315] device (lo): state change: disconnected -> prepare (reason 'none', sys-iface-state: 'external')
Apr  1 06:45:29 pkrvm1ymeonnouv NetworkManager[2776]: <info>  [1743489929.6320] device (lo): state change: prepare -> config (reason 'none', sys-iface-state: 'external')
Apr  1 06:45:29 pkrvm1ymeonnouv NetworkManager[2776]: <info>  [1743489929.6324] device (lo): state change: config -> ip-config (reason 'none', sys-iface-state: 'external')
Apr  1 06:45:29 pkrvm1ymeonnouv NetworkManager[2776]: <info>  [1743489929.6327] device (eth0): carrier: link connected
Apr  1 06:45:29 pkrvm1ymeonnouv systemd[1]: Starting Network Manager Wait Online...
Apr  1 06:45:29 pkrvm1ymeonnouv systemd[1]: Starting Enable periodic update of entitlement certificates....
Apr  1 06:45:29 pkrvm1ymeonnouv systemd[1]: Starting Dynamic System Tuning Daemon...
Apr  1 06:45:29 pkrvm1ymeonnouv NetworkManager[2776]: <info>  [1743489929.6491] device (lo): state change: ip-config -> ip-check (reason 'none', sys-iface-state: 'external')
Apr  1 06:45:29 pkrvm1ymeonnouv NetworkManager[2776]: <info>  [1743489929.6502] device (eth0): state change: unavailable -> disconnected (reason 'carrier-changed', sys-iface-state: 'managed')
Apr  1 06:45:29 pkrvm1ymeonnouv NetworkManager[2776]: <info>  [1743489929.6510] policy: auto-activating connection 'System eth0' (5fb06bd0-0bb0-7ffb-45f1-d6edd65f3e03)
Apr  1 06:45:29 pkrvm1ymeonnouv NetworkManager[2776]: <info>  [1743489929.6516] device (eth0): Activation: starting connection 'System eth0' (5fb06bd0-0bb0-7ffb-45f1-d6edd65f3e03)
Apr  1 06:45:29 pkrvm1ymeonnouv NetworkManager[2776]: <info>  [1743489929.6517] device (eth0): state change: disconnected -> prepare (reason 'none', sys-iface-state: 'managed')
Apr  1 06:45:29 pkrvm1ymeonnouv NetworkManager[2776]: <info>  [1743489929.6523] manager: NetworkManager state is now CONNECTING
Apr  1 06:45:29 pkrvm1ymeonnouv NetworkManager[2776]: <info>  [1743489929.6526] device (eth0): state change: prepare -> config (reason 'none', sys-iface-state: 'managed')
Apr  1 06:45:29 pkrvm1ymeonnouv systemd[1]: Started Enable periodic update of entitlement certificates..
Apr  1 06:45:29 pkrvm1ymeonnouv systemd[1]: Started Network Manager Script Dispatcher Service.
Apr  1 06:45:29 pkrvm1ymeonnouv NetworkManager[2776]: <info>  [1743489929.7139] device (lo): state change: ip-check -> secondaries (reason 'none', sys-iface-state: 'external')
Apr  1 06:45:29 pkrvm1ymeonnouv NetworkManager[2776]: <info>  [1743489929.7143] device (lo): state change: secondaries -> activated (reason 'none', sys-iface-state: 'external')
Apr  1 06:45:29 pkrvm1ymeonnouv NetworkManager[2776]: <info>  [1743489929.7152] device (lo): Activation: successful, device activated.
